# Check configuration tokens
# Ensure build layout
# Check configuration tokens
# Preparing build
# Check requirements for android
# Search for Git (git)
#  -> found at /usr/bin/git
# Search for Cython (cython)
#  -> found at /home/rajkrish/.local/bin/cython
# Search for Java compiler (javac)
#  -> found at /usr/lib/jvm/java-17-openjdk-amd64/bin/javac
# Search for Java keytool (keytool)
#  -> found at /usr/lib/jvm/java-17-openjdk-amd64/bin/keytool
# Install platform
# Run ['git', 'config', '--get', 'remote.origin.url']
# Cwd /mnt/c/dev/Ai/.buildozer/android/platform/python-for-android
https://github.com/kivy/python-for-android.git
# Run ['git', 'branch', '-vv']
# Cwd /mnt/c/dev/Ai/.buildozer/android/platform/python-for-android
* master 957a3e5f [origin/master] Merge pull request #2959 from kivy/release-2024.01.21
# Run ['/usr/bin/python3', '-m', 'pip', 'install', '-q', '--user', 'appdirs', 'colorama>=0.3.3', 'jinja2', 'sh>=1.10, <2.0; sys_platform!="win32"', 'build', 'toml', 'packaging', 'setuptools']
# Cwd None
# Apache ANT found at /home/rajkrish/.buildozer/android/platform/apache-ant-1.9.4
# Android SDK found at /home/rajkrish/.buildozer/android/platform/android-sdk
# Recommended android's NDK version by p4a is: 25b
# Android NDK found at /home/rajkrish/.buildozer/android/platform/android-ndk-r25b
# Run ['/usr/bin/python3', '-m', 'pythonforandroid.toolchain', 'aab', '-h', '--color=always', '--storage-dir=/mnt/c/dev/Ai/.buildozer/android/platform/build-arm64-v8a', '--ndk-api=29', '--ignore-setup-py', '--debug']
# Cwd /mnt/c/dev/Ai/.buildozer/android/platform/python-for-android
[WARNING]: prerequisites.py is experimental and does not support all prerequisites yet.
[WARNING]: Please report any issues to the python-for-android issue tracker.
[WARNING]: prerequisites.py is experimental and does not support all prerequisites yet.
[WARNING]: Please report any issues to the python-for-android issue tracker.
usage: toolchain.py aab [-h] [--debug] [--color {always,never,auto}]
                        [--sdk-dir SDK_DIR] [--ndk-dir NDK_DIR]
                        [--android-api ANDROID_API]
                        [--ndk-version NDK_VERSION] [--ndk-api NDK_API]
                        [--symlink-bootstrap-files]
                        [--storage-dir STORAGE_DIR] [--arch ARCH]
                        [--dist-name DIST_NAME] [--requirements REQUIREMENTS]
                        [--recipe-blacklist RECIPE_BLACKLIST]
                        [--blacklist-requirements BLACKLIST_REQUIREMENTS]
                        [--bootstrap BOOTSTRAP] [--hook HOOK] [--force-build]
                        [--no-force-build] [--require-perfect-match]
                        [--no-require-perfect-match] [--allow-replace-dist]
                        [--no-allow-replace-dist]
                        [--local-recipes LOCAL_RECIPES]
                        [--activity-class-name ACTIVITY_CLASS_NAME]
                        [--service-class-name SERVICE_CLASS_NAME]
                        [--java-build-tool {auto,ant,gradle}] [--copy-libs]
                        [--no-copy-libs] [--add-asset ASSETS]
                        [--add-resource RESOURCES] [--private PRIVATE]
                        [--use-setup-py] [--ignore-setup-py] [--release]
                        [--with-debug-symbols] [--keystore KEYSTORE]
                        [--signkey SIGNKEY] [--keystorepw KEYSTOREPW]
                        [--signkeypw SIGNKEYPW]

options:
  -h, --help            show this help message and exit
  --debug               Display debug output and all build info
  --color {always,never,auto}
                        Enable or disable color output (default enabled on
                        tty)
  --sdk-dir SDK_DIR, --sdk_dir SDK_DIR
                        The filepath where the Android SDK is installed
  --ndk-dir NDK_DIR, --ndk_dir NDK_DIR
                        The filepath where the Android NDK is installed
  --android-api ANDROID_API, --android_api ANDROID_API
                        The Android API level to build against defaults to 33
                        if not specified.
  --ndk-version NDK_VERSION, --ndk_version NDK_VERSION
                        DEPRECATED: the NDK version is now found automatically
                        or not at all.
  --ndk-api NDK_API     The Android API level to compile against. This should
                        be your *minimal supported* API, not normally the same
                        as your --android-api. Defaults to min(ANDROID_API,
                        21) if not specified.
  --symlink-bootstrap-files, --ssymlink_bootstrap_files
                        If True, symlinks the bootstrap files creation. This
                        is useful for development only, it could also cause
                        weird problems.
  --storage-dir STORAGE_DIR
                        Primary storage directory for downloads and builds
                        (default: /home/rajkrish/.local/share/python-for-
                        android)
  --arch ARCH           The archs to build for.
  --dist-name DIST_NAME, --dist_name DIST_NAME
                        The name of the distribution to use or create
  --requirements REQUIREMENTS
                        Dependencies of your app, should be recipe names or
                        Python modules. NOT NECESSARY if you are using Python
                        3 with --use-setup-py
  --recipe-blacklist RECIPE_BLACKLIST
                        Blacklist an internal recipe from use. Allows
                        disabling Python 3 core modules to save size
  --blacklist-requirements BLACKLIST_REQUIREMENTS
                        Blacklist an internal recipe from use. Allows
                        disabling Python 3 core modules to save size
  --bootstrap BOOTSTRAP
                        The bootstrap to build with. Leave unset to choose
                        automatically.
  --hook HOOK           Filename to a module that contains python-for-android
                        hooks
  --local-recipes LOCAL_RECIPES, --local_recipes LOCAL_RECIPES
                        Directory to look for local recipes
  --activity-class-name ACTIVITY_CLASS_NAME
                        The full java class name of the main activity
  --service-class-name SERVICE_CLASS_NAME
                        Full java package name of the PythonService class
  --java-build-tool {auto,ant,gradle}
                        The java build tool to use when packaging the APK,
                        defaults to automatically selecting an appropriate
                        tool.
  --add-asset ASSETS    Put this in the assets folder in the apk.
  --add-resource RESOURCES
                        Put this in the res folder in the apk.
  --private PRIVATE     the directory with the app source code files
                        (containing your main.py entrypoint)
  --use-setup-py        Process the setup.py of a project if present.
                        (Experimental!
  --ignore-setup-py     Don't run the setup.py of a project if present. This
                        may be required if the setup.py is not designed to
                        work inside p4a (e.g. by installing dependencies that
                        won't work or aren't desired on Android
  --release             Build your app as a non-debug release build. (Disables
                        gdb debugging among other things)
  --with-debug-symbols  Will keep debug symbols from `.so` files.
  --keystore KEYSTORE   Keystore for JAR signing key, will use jarsigner
                        default if not specified (release build only)
  --signkey SIGNKEY     Key alias to sign PARSER_APK. with (release build
                        only)
  --keystorepw KEYSTOREPW
                        Password for keystore
  --signkeypw SIGNKEYPW
                        Password for key alias

  Whether to force compilation of a new distribution

  --force-build
  --no-force-build      (this is the default)
  --require-perfect-match
  --no-require-perfect-match
                        (this is the default)
  --allow-replace-dist  (this is the default)
  --no-allow-replace-dist
  --copy-libs
  --no-copy-libs        (this is the default)
# Check application requirements
# Compile platform
# Run ['/usr/bin/python3', '-m', 'pythonforandroid.toolchain', 'create', '--dist_name=antigravityai', '--bootstrap=sdl2', '--requirements=python3,kivy==2.3.1,kivymd==1.2.0,numpy,onnxruntime==1.17.0,tokenizers,pillow,requests,flatbuffers,protobuf,pyjnius,vosk,pypdf2,python-docx', '--arch=arm64-v8a', '--copy-libs', '--color=always', '--storage-dir=/mnt/c/dev/Ai/.buildozer/android/platform/build-arm64-v8a', '--ndk-api=29', '--ignore-setup-py', '--debug']
# Cwd /mnt/c/dev/Ai/.buildozer/android/platform/python-for-android
[WARNING]: prerequisites.py is experimental and does not support all prerequisites yet.
[WARNING]: Please report any issues to the python-for-android issue tracker.
[WARNING]: prerequisites.py is experimental and does not support all prerequisites yet.
[WARNING]: Please report any issues to the python-for-android issue tracker.
[1m[INFO][0m:    Recipe kivy: version "2.3.1" requested
[1m[INFO][0m:    Recipe kivymd: version "1.2.0" requested
[1m[INFO][0m:    Recipe onnxruntime: version "1.17.0" requested
[1m[INFO][0m:    Will compile for the following archs: arm64-v8a
[1m[INFO][0m:    Found Android API target in $ANDROIDAPI: 33
[1m[INFO][0m:    Available Android APIs are (33, 35)
[1m[INFO][0m:    Requested API target 33 is available, continuing.
[1m[INFO][0m:    Found NDK dir in $ANDROIDNDK: /home/rajkrish/.buildozer/android/platform/android-ndk-r25b
[1m[INFO][0m:    Found NDK version 25b
[1m[INFO][0m:    Getting NDK API version (i.e. minimum supported API) from user argument
[1m[INFO][0m:    ccache is missing, the build will not be optimized in the future.
[1m[90m[DEBUG][39m[0m:   All possible dists: []
[1m[90m[DEBUG][39m[0m:   Dist matching name and arch: []
[1m[90m[DEBUG][39m[0m:   Dist matching ndk_api and recipe: []
[1m[INFO][0m:    No existing dists meet the given requirements!
[1m[90m[DEBUG][39m[0m:   Remove directory and subdirectory /mnt/c/dev/Ai/.buildozer/android/platform/build-arm64-v8a/dists/antigravityai
[1m[INFO][0m:    [1m[94mNo dist exists that meets your requirements, so one will be built.[0m
[1m[INFO][0m:    Found a single valid recipe set: ['flatbuffers', 'freetype', 'hostpython3', 'jpeg', 'kivymd', 'libffi', 'onnxruntime', 'openssl', 'png', 'protobuf', 'pypdf2', 'python-docx', 'requests', 'sdl2_image', 'sdl2_mixer', 'sdl2_ttf', 'sqlite3', 'tokenizers', 'vosk', 'python3', 'sdl2', 'setuptools', 'cython', 'pillow', 'six', 'numpy', 'pyjnius', 'android', 'kivy']
[1m[INFO][0m:    The selected bootstrap is sdl2
[1m[INFO][0m:    [1m[32m# Creating dist with sdl2 bootstrap[0m[39m
[1m[INFO][0m:    [1m[94mDist will have name antigravityai and requirements (python3, kivy, kivymd, numpy, onnxruntime, tokenizers, pillow, requests, flatbuffers, protobuf, pyjnius, vosk, pypdf2, python-docx)[0m
[1m[INFO][0m:    Dist contains the following requirements as recipes: ['freetype', 'hostpython3', 'jpeg', 'libffi', 'openssl', 'png', 'sdl2_image', 'sdl2_mixer', 'sdl2_ttf', 'sqlite3', 'python3', 'sdl2', 'setuptools', 'cython', 'pillow', 'six', 'numpy', 'pyjnius', 'android', 'kivy']
[1m[INFO][0m:    Dist will also contain modules (pypdf2, chardet, flatbuffers, urllib3, kivymd, python-docx, idna, tokenizers, requests, certifi, vosk, onnxruntime, protobuf) installed from pip
[1m[INFO][0m:    Dist will be build in mode debug
[1m[INFO][0m:    [36m-> directory context /mnt/c/dev/Ai/.buildozer/android/platform/build-arm64-v8a/build/bootstrap_builds/sdl2[39m
[1m[INFO][0m:    [36m<- directory context /mnt/c/dev/Ai/.buildozer/android/platform/python-for-android[39m
[1m[90m[DEBUG][39m[0m:   Create directory /mnt/c/dev/Ai/.buildozer/android/platform/build-arm64-v8a/dists/antigravityai
[1m[INFO][0m:    [1m[94mRecipe build order is ['freetype', 'hostpython3', 'jpeg', 'libffi', 'openssl', 'png', 'sdl2_image', 'sdl2_mixer', 'sdl2_ttf', 'sqlite3', 'python3', 'sdl2', 'setuptools', 'cython', 'pillow', 'six', 'numpy', 'pyjnius', 'android', 'kivy'][0m
[1m[INFO][0m:    [1m[94mThe requirements (certifi, chardet, flatbuffers, idna, kivymd, onnxruntime, protobuf, pypdf2, python-docx, requests, tokenizers, urllib3, vosk) were not found as recipes, they will be installed with pip.[0m
[1m[INFO][0m:    [1m[32m# Downloading recipes [0m[39m
[1m[INFO][0m:    [1m[32mDownloading freetype[0m[39m
[1m[INFO][0m:    [36m-> directory context /mnt/c/dev/Ai/.buildozer/android/platform/build-arm64-v8a/packages/freetype[39m
[1m[90m[DEBUG][39m[0m:   [90m->[0m running basename https://download.savannah.gnu.org/releases/freetype/freetype-2.10.1.tar.gz[0m
[1m[90m[DEBUG][39m[0m:   	freetype-2.10.1.tar.gz
[1m[INFO][0m:    freetype download already cached, skipping
[1m[INFO][0m:    [36m<- directory context /mnt/c/dev/Ai/.buildozer/android/platform/python-for-android[39m
[1m[INFO][0m:    [1m[32mDownloading hostpython3[0m[39m
[1m[INFO][0m:    [36m-> directory context /mnt/c/dev/Ai/.buildozer/android/platform/build-arm64-v8a/packages/hostpython3[39m
[1m[90m[DEBUG][39m[0m:   [90m->[0m running basename https://www.python.org/ftp/python/3.11.5/Python-3.11.5.tgz[0m
[1m[90m[DEBUG][39m[0m:   	Python-3.11.5.tgz
[1m[INFO][0m:    hostpython3 download already cached, skipping
[1m[INFO][0m:    [36m<- directory context /mnt/c/dev/Ai/.buildozer/android/platform/python-for-android[39m
[1m[INFO][0m:    [1m[32mDownloading jpeg[0m[39m
[1m[INFO][0m:    [36m-> directory context /mnt/c/dev/Ai/.buildozer/android/platform/build-arm64-v8a/packages/jpeg[39m
[1m[90m[DEBUG][39m[0m:   [90m->[0m running basename https://github.com/libjpeg-turbo/libjpeg-turbo/archive/2.0.1.tar.gz[0m
[1m[90m[DEBUG][39m[0m:   	2.0.1.tar.gz
[1m[INFO][0m:    jpeg download already cached, skipping
[1m[INFO][0m:    [36m<- directory context /mnt/c/dev/Ai/.buildozer/android/platform/python-for-android[39m
[1m[INFO][0m:    [1m[32mDownloading libffi[0m[39m
[1m[INFO][0m:    [36m-> directory context /mnt/c/dev/Ai/.buildozer/android/platform/build-arm64-v8a/packages/libffi[39m
[1m[90m[DEBUG][39m[0m:   [90m->[0m running basename https://github.com/libffi/libffi/archive/v3.4.2.tar.gz[0m
[1m[90m[DEBUG][39m[0m:   	v3.4.2.tar.gz
[1m[INFO][0m:    libffi download already cached, skipping
[1m[INFO][0m:    [36m<- directory context /mnt/c/dev/Ai/.buildozer/android/platform/python-for-android[39m
[1m[INFO][0m:    [1m[32mDownloading openssl[0m[39m
[1m[INFO][0m:    [36m-> directory context /mnt/c/dev/Ai/.buildozer/android/platform/build-arm64-v8a/packages/openssl[39m
[1m[90m[DEBUG][39m[0m:   [90m->[0m running basename https://www.openssl.org/source/openssl-1.1.1w.tar.gz[0m
[1m[90m[DEBUG][39m[0m:   	openssl-1.1.1w.tar.gz
[1m[INFO][0m:    openssl download already cached, skipping
[1m[INFO][0m:    [36m<- directory context /mnt/c/dev/Ai/.buildozer/android/platform/python-for-android[39m
[1m[INFO][0m:    [1m[32mDownloading png[0m[39m
[1m[INFO][0m:    [36m-> directory context /mnt/c/dev/Ai/.buildozer/android/platform/build-arm64-v8a/packages/png[39m
[1m[90m[DEBUG][39m[0m:   [90m->[0m running basename https://github.com/glennrp/libpng/archive/v1.6.37.zip[0m
[1m[90m[DEBUG][39m[0m:   	v1.6.37.zip
[1m[INFO][0m:    png download already cached, skipping
[1m[INFO][0m:    [36m<- directory context /mnt/c/dev/Ai/.buildozer/android/platform/python-for-android[39m
[1m[INFO][0m:    [1m[32mDownloading sdl2_image[0m[39m
[1m[INFO][0m:    [36m-> directory context /mnt/c/dev/Ai/.buildozer/android/platform/build-arm64-v8a/packages/sdl2_image[39m
[1m[90m[DEBUG][39m[0m:   [90m->[0m running basename https://github.com/libsdl-org/SDL_image/releases/download/release-2.8.0/SDL2_image-2.8.0.tar.gz[0m
[1m[90m[DEBUG][39m[0m:   	SDL2_image-2.8.0.tar.gz
[1m[INFO][0m:    sdl2_image download already cached, skipping
[1m[INFO][0m:    [36m<- directory context /mnt/c/dev/Ai/.buildozer/android/platform/python-for-android[39m
[1m[INFO][0m:    [1m[32mDownloading sdl2_mixer[0m[39m
[1m[INFO][0m:    [36m-> directory context /mnt/c/dev/Ai/.buildozer/android/platform/build-arm64-v8a/packages/sdl2_mixer[39m
[1m[90m[DEBUG][39m[0m:   [90m->[0m running basename https://github.com/libsdl-org/SDL_mixer/releases/download/release-2.6.3/SDL2_mixer-2.6.3.tar.gz[0m
[1m[90m[DEBUG][39m[0m:   	SDL2_mixer-2.6.3.tar.gz
[1m[INFO][0m:    sdl2_mixer download already cached, skipping
[1m[INFO][0m:    [36m<- directory context /mnt/c/dev/Ai/.buildozer/android/platform/python-for-android[39m
[1m[INFO][0m:    [1m[32mDownloading sdl2_ttf[0m[39m
[1m[INFO][0m:    [36m-> directory context /mnt/c/dev/Ai/.buildozer/android/platform/build-arm64-v8a/packages/sdl2_ttf[39m
[1m[90m[DEBUG][39m[0m:   [90m->[0m running basename https://github.com/libsdl-org/SDL_ttf/releases/download/release-2.20.2/SDL2_ttf-2.20.2.tar.gz[0m
[1m[90m[DEBUG][39m[0m:   	SDL2_ttf-2.20.2.tar.gz
[1m[INFO][0m:    sdl2_ttf download already cached, skipping
[1m[INFO][0m:    [36m<- directory context /mnt/c/dev/Ai/.buildozer/android/platform/python-for-android[39m
[1m[INFO][0m:    [1m[32mDownloading sqlite3[0m[39m
[1m[INFO][0m:    [36m-> directory context /mnt/c/dev/Ai/.buildozer/android/platform/build-arm64-v8a/packages/sqlite3[39m
[1m[90m[DEBUG][39m[0m:   [90m->[0m running basename https://www.sqlite.org/2021/sqlite-amalgamation-3350500.zip[0m
[1m[90m[DEBUG][39m[0m:   	sqlite-amalgamation-3350500.zip
[1m[INFO][0m:    sqlite3 download already cached, skipping
[1m[INFO][0m:    [36m<- directory context /mnt/c/dev/Ai/.buildozer/android/platform/python-for-android[39m
[1m[INFO][0m:    [1m[32mDownloading python3[0m[39m
[1m[INFO][0m:    [36m-> directory context /mnt/c/dev/Ai/.buildozer/android/platform/build-arm64-v8a/packages/python3[39m
[1m[90m[DEBUG][39m[0m:   [90m->[0m running basename https://www.python.org/ftp/python/3.11.5/Python-3.11.5.tgz[0m
[1m[90m[DEBUG][39m[0m:   	Python-3.11.5.tgz
[1m[INFO][0m:    python3 download already cached, skipping
[1m[INFO][0m:    [36m<- directory context /mnt/c/dev/Ai/.buildozer/android/platform/python-for-android[39m
[1m[INFO][0m:    [1m[32mDownloading sdl2[0m[39m
[1m[INFO][0m:    [36m-> directory context /mnt/c/dev/Ai/.buildozer/android/platform/build-arm64-v8a/packages/sdl2[39m
[1m[90m[DEBUG][39m[0m:   [90m->[0m running basename https://github.com/libsdl-org/SDL/releases/download/release-2.28.5/SDL2-2.28.5.tar.gz[0m
[1m[90m[DEBUG][39m[0m:   	SDL2-2.28.5.tar.gz
[1m[INFO][0m:    sdl2 download already cached, skipping
[1m[INFO][0m:    [36m<- directory context /mnt/c/dev/Ai/.buildozer/android/platform/python-for-android[39m
[1m[INFO][0m:    [1m[32mDownloading setuptools[0m[39m
[1m[INFO][0m:    [36m-> directory context /mnt/c/dev/Ai/.buildozer/android/platform/build-arm64-v8a/packages/setuptools[39m
[1m[90m[DEBUG][39m[0m:   [90m->[0m running basename https://pypi.python.org/packages/source/s/setuptools/setuptools-51.3.3.tar.gz[0m
[1m[90m[DEBUG][39m[0m:   	setuptools-51.3.3.tar.gz
[1m[INFO][0m:    setuptools download already cached, skipping
[1m[INFO][0m:    [36m<- directory context /mnt/c/dev/Ai/.buildozer/android/platform/python-for-android[39m
[1m[INFO][0m:    [1m[32mDownloading cython[0m[39m
[1m[INFO][0m:    [36m-> directory context /mnt/c/dev/Ai/.buildozer/android/platform/build-arm64-v8a/packages/cython[39m
[1m[90m[DEBUG][39m[0m:   [90m->[0m running basename https://github.com/cython/cython/archive/0.29.36.tar.gz[0m
[1m[90m[DEBUG][39m[0m:   	0.29.36.tar.gz
[1m[INFO][0m:    cython download already cached, skipping
[1m[INFO][0m:    [36m<- directory context /mnt/c/dev/Ai/.buildozer/android/platform/python-for-android[39m
[1m[INFO][0m:    [1m[32mDownloading Pillow[0m[39m
[1m[INFO][0m:    [36m-> directory context /mnt/c/dev/Ai/.buildozer/android/platform/build-arm64-v8a/packages/Pillow[39m
[1m[90m[DEBUG][39m[0m:   [90m->[0m running basename https://github.com/python-pillow/Pillow/archive/8.4.0.tar.gz[0m
[1m[90m[DEBUG][39m[0m:   	8.4.0.tar.gz
[1m[INFO][0m:    Pillow download already cached, skipping
[1m[INFO][0m:    [36m<- directory context /mnt/c/dev/Ai/.buildozer/android/platform/python-for-android[39m
[1m[INFO][0m:    [1m[32mDownloading six[0m[39m
[1m[INFO][0m:    [36m-> directory context /mnt/c/dev/Ai/.buildozer/android/platform/build-arm64-v8a/packages/six[39m
[1m[90m[DEBUG][39m[0m:   [90m->[0m running basename https://pypi.python.org/packages/source/s/six/six-1.15.0.tar.gz[0m
[1m[90m[DEBUG][39m[0m:   	six-1.15.0.tar.gz
[1m[INFO][0m:    six download already cached, skipping
[1m[INFO][0m:    [36m<- directory context /mnt/c/dev/Ai/.buildozer/android/platform/python-for-android[39m
[1m[INFO][0m:    [1m[32mDownloading numpy[0m[39m
[1m[INFO][0m:    [36m-> directory context /mnt/c/dev/Ai/.buildozer/android/platform/build-arm64-v8a/packages/numpy[39m
[1m[90m[DEBUG][39m[0m:   [90m->[0m running basename https://pypi.python.org/packages/source/n/numpy/numpy-1.22.3.zip[0m
[1m[90m[DEBUG][39m[0m:   	numpy-1.22.3.zip
[1m[INFO][0m:    numpy download already cached, skipping
[1m[INFO][0m:    [36m<- directory context /mnt/c/dev/Ai/.buildozer/android/platform/python-for-android[39m
[1m[INFO][0m:    [1m[32mDownloading pyjnius[0m[39m
[1m[INFO][0m:    [36m-> directory context /mnt/c/dev/Ai/.buildozer/android/platform/build-arm64-v8a/packages/pyjnius[39m
[1m[90m[DEBUG][39m[0m:   [90m->[0m running basename https://github.com/kivy/pyjnius/archive/1.6.1.zip[0m
[1m[90m[DEBUG][39m[0m:   	1.6.1.zip
[1m[INFO][0m:    pyjnius download already cached, skipping
[1m[INFO][0m:    [36m<- directory context /mnt/c/dev/Ai/.buildozer/android/platform/python-for-android[39m
[1m[INFO][0m:    [1m[32mDownloading android[0m[39m
[1m[INFO][0m:    Skipping android download as no URL is set
[1m[INFO][0m:    [1m[32mDownloading kivy[0m[39m
[1m[INFO][0m:    [36m-> directory context /mnt/c/dev/Ai/.buildozer/android/platform/build-arm64-v8a/packages/kivy[39m
[1m[90m[DEBUG][39m[0m:   [90m->[0m running basename https://github.com/kivy/kivy/archive/2.3.1.zip[0m
[1m[90m[DEBUG][39m[0m:   	2.3.1.zip
[1m[INFO][0m:    kivy download already cached, skipping
[1m[INFO][0m:    [36m<- directory context /mnt/c/dev/Ai/.buildozer/android/platform/python-for-android[39m
[1m[INFO][0m:    [1m[32m# Building all recipes for arch arm64-v8a[0m[39m
[1m[INFO][0m:    [1m[32m# Unpacking recipes[0m[39m
[1m[INFO][0m:    [1m[32mUnpacking freetype for arm64-v8a[0m[39m
[1m[90m[DEBUG][39m[0m:   [90m->[0m running basename https://download.savannah.gnu.org/releases/freetype/freetype-2.10.1.tar.gz[0m
[1m[90m[DEBUG][39m[0m:   	freetype-2.10.1.tar.gz
[1m[INFO][0m:    [36m-> directory context /mnt/c/dev/Ai/.buildozer/android/platform/build-arm64-v8a/build/other_builds/freetype/arm64-v8a__ndk_target_29[39m
[1m[INFO][0m:    freetype is already unpacked, skipping
[1m[INFO][0m:    [36m<- directory context /mnt/c/dev/Ai/.buildozer/android/platform/python-for-android[39m
[1m[INFO][0m:    [1m[32mUnpacking hostpython3 for arm64-v8a[0m[39m
[1m[90m[DEBUG][39m[0m:   [90m->[0m running basename https://www.python.org/ftp/python/3.11.5/Python-3.11.5.tgz[0m
[1m[90m[DEBUG][39m[0m:   	Python-3.11.5.tgz
[1m[INFO][0m:    [36m-> directory context /mnt/c/dev/Ai/.buildozer/android/platform/build-arm64-v8a/build/other_builds/hostpython3/desktop[39m
[1m[INFO][0m:    hostpython3 is already unpacked, skipping
[1m[INFO][0m:    [36m<- directory context /mnt/c/dev/Ai/.buildozer/android/platform/python-for-android[39m
[1m[INFO][0m:    [1m[32mUnpacking jpeg for arm64-v8a[0m[39m
[1m[90m[DEBUG][39m[0m:   [90m->[0m running basename https://github.com/libjpeg-turbo/libjpeg-turbo/archive/2.0.1.tar.gz[0m
[1m[90m[DEBUG][39m[0m:   	2.0.1.tar.gz
[1m[INFO][0m:    [36m-> directory context /mnt/c/dev/Ai/.buildozer/android/platform/build-arm64-v8a/build/other_builds/jpeg/arm64-v8a__ndk_target_29[39m
[1m[INFO][0m:    jpeg is already unpacked, skipping
[1m[INFO][0m:    [36m<- directory context /mnt/c/dev/Ai/.buildozer/android/platform/python-for-android[39m
[1m[INFO][0m:    [1m[32mUnpacking libffi for arm64-v8a[0m[39m
[1m[90m[DEBUG][39m[0m:   [90m->[0m running basename https://github.com/libffi/libffi/archive/v3.4.2.tar.gz[0m
[1m[90m[DEBUG][39m[0m:   	v3.4.2.tar.gz
[1m[INFO][0m:    [36m-> directory context /mnt/c/dev/Ai/.buildozer/android/platform/build-arm64-v8a/build/other_builds/libffi/arm64-v8a__ndk_target_29[39m
[1m[INFO][0m:    libffi is already unpacked, skipping
[1m[INFO][0m:    [36m<- directory context /mnt/c/dev/Ai/.buildozer/android/platform/python-for-android[39m
[1m[INFO][0m:    [1m[32mUnpacking openssl for arm64-v8a[0m[39m
[1m[90m[DEBUG][39m[0m:   [90m->[0m running basename https://www.openssl.org/source/openssl-1.1.1w.tar.gz[0m
[1m[90m[DEBUG][39m[0m:   	openssl-1.1.1w.tar.gz
[1m[INFO][0m:    [36m-> directory context /mnt/c/dev/Ai/.buildozer/android/platform/build-arm64-v8a/build/other_builds/openssl/arm64-v8a__ndk_target_29[39m
[1m[INFO][0m:    openssl is already unpacked, skipping
[1m[INFO][0m:    [36m<- directory context /mnt/c/dev/Ai/.buildozer/android/platform/python-for-android[39m
[1m[INFO][0m:    [1m[32mUnpacking png for arm64-v8a[0m[39m
[1m[90m[DEBUG][39m[0m:   [90m->[0m running basename https://github.com/glennrp/libpng/archive/v1.6.37.zip[0m
[1m[90m[DEBUG][39m[0m:   	v1.6.37.zip
[1m[INFO][0m:    [36m-> directory context /mnt/c/dev/Ai/.buildozer/android/platform/build-arm64-v8a/build/other_builds/png/arm64-v8a__ndk_target_29[39m
[1m[INFO][0m:    png is already unpacked, skipping
[1m[INFO][0m:    [36m<- directory context /mnt/c/dev/Ai/.buildozer/android/platform/python-for-android[39m
[1m[INFO][0m:    [1m[32mUnpacking sdl2_image for arm64-v8a[0m[39m
[1m[90m[DEBUG][39m[0m:   [90m->[0m running basename https://github.com/libsdl-org/SDL_image/releases/download/release-2.8.0/SDL2_image-2.8.0.tar.gz[0m
[1m[90m[DEBUG][39m[0m:   	SDL2_image-2.8.0.tar.gz
[1m[INFO][0m:    [36m-> directory context /mnt/c/dev/Ai/.buildozer/android/platform/build-arm64-v8a/build/bootstrap_builds/sdl2/jni[39m
[1m[INFO][0m:    sdl2_image is already unpacked, skipping
[1m[INFO][0m:    [36m<- directory context /mnt/c/dev/Ai/.buildozer/android/platform/python-for-android[39m
[1m[INFO][0m:    [1m[32mUnpacking sdl2_mixer for arm64-v8a[0m[39m
[1m[90m[DEBUG][39m[0m:   [90m->[0m running basename https://github.com/libsdl-org/SDL_mixer/releases/download/release-2.6.3/SDL2_mixer-2.6.3.tar.gz[0m
[1m[90m[DEBUG][39m[0m:   	SDL2_mixer-2.6.3.tar.gz
[1m[INFO][0m:    [36m-> directory context /mnt/c/dev/Ai/.buildozer/android/platform/build-arm64-v8a/build/bootstrap_builds/sdl2/jni[39m
[1m[INFO][0m:    sdl2_mixer is already unpacked, skipping
[1m[INFO][0m:    [36m<- directory context /mnt/c/dev/Ai/.buildozer/android/platform/python-for-android[39m
[1m[INFO][0m:    [1m[32mUnpacking sdl2_ttf for arm64-v8a[0m[39m
[1m[90m[DEBUG][39m[0m:   [90m->[0m running basename https://github.com/libsdl-org/SDL_ttf/releases/download/release-2.20.2/SDL2_ttf-2.20.2.tar.gz[0m
[1m[90m[DEBUG][39m[0m:   	SDL2_ttf-2.20.2.tar.gz
[1m[INFO][0m:    [36m-> directory context /mnt/c/dev/Ai/.buildozer/android/platform/build-arm64-v8a/build/bootstrap_builds/sdl2/jni[39m
[1m[INFO][0m:    sdl2_ttf is already unpacked, skipping
[1m[INFO][0m:    [36m<- directory context /mnt/c/dev/Ai/.buildozer/android/platform/python-for-android[39m
[1m[INFO][0m:    [1m[32mUnpacking sqlite3 for arm64-v8a[0m[39m
[1m[90m[DEBUG][39m[0m:   [90m->[0m running basename https://www.sqlite.org/2021/sqlite-amalgamation-3350500.zip[0m
[1m[90m[DEBUG][39m[0m:   	sqlite-amalgamation-3350500.zip
[1m[INFO][0m:    [36m-> directory context /mnt/c/dev/Ai/.buildozer/android/platform/build-arm64-v8a/build/other_builds/sqlite3/arm64-v8a__ndk_target_29[39m
[1m[INFO][0m:    sqlite3 is already unpacked, skipping
[1m[INFO][0m:    [36m<- directory context /mnt/c/dev/Ai/.buildozer/android/platform/python-for-android[39m
[1m[INFO][0m:    [1m[32mUnpacking python3 for arm64-v8a[0m[39m
[1m[90m[DEBUG][39m[0m:   [90m->[0m running basename https://www.python.org/ftp/python/3.11.5/Python-3.11.5.tgz[0m
[1m[90m[DEBUG][39m[0m:   	Python-3.11.5.tgz
[1m[INFO][0m:    [36m-> directory context /mnt/c/dev/Ai/.buildozer/android/platform/build-arm64-v8a/build/other_builds/python3/arm64-v8a__ndk_target_29[39m
[1m[INFO][0m:    python3 is already unpacked, skipping
[1m[INFO][0m:    [36m<- directory context /mnt/c/dev/Ai/.buildozer/android/platform/python-for-android[39m
[1m[INFO][0m:    [1m[32mUnpacking sdl2 for arm64-v8a[0m[39m
[1m[90m[DEBUG][39m[0m:   [90m->[0m running basename https://github.com/libsdl-org/SDL/releases/download/release-2.28.5/SDL2-2.28.5.tar.gz[0m
[1m[90m[DEBUG][39m[0m:   	SDL2-2.28.5.tar.gz
[1m[INFO][0m:    [36m-> directory context /mnt/c/dev/Ai/.buildozer/android/platform/build-arm64-v8a/build/bootstrap_builds/sdl2/jni[39m
[1m[INFO][0m:    sdl2 is already unpacked, skipping
[1m[INFO][0m:    [36m<- directory context /mnt/c/dev/Ai/.buildozer/android/platform/python-for-android[39m
[1m[INFO][0m:    [1m[32mUnpacking setuptools for arm64-v8a[0m[39m
[1m[90m[DEBUG][39m[0m:   [90m->[0m running basename https://pypi.python.org/packages/source/s/setuptools/setuptools-51.3.3.tar.gz[0m
[1m[90m[DEBUG][39m[0m:   	setuptools-51.3.3.tar.gz
[1m[INFO][0m:    [36m-> directory context /mnt/c/dev/Ai/.buildozer/android/platform/build-arm64-v8a/build/other_builds/setuptools/arm64-v8a__ndk_target_29[39m
[1m[INFO][0m:    setuptools is already unpacked, skipping
[1m[INFO][0m:    [36m<- directory context /mnt/c/dev/Ai/.buildozer/android/platform/python-for-android[39m
[1m[INFO][0m:    [1m[32mUnpacking cython for arm64-v8a[0m[39m
[1m[90m[DEBUG][39m[0m:   [90m->[0m running basename https://github.com/cython/cython/archive/0.29.36.tar.gz[0m
[1m[90m[DEBUG][39m[0m:   	0.29.36.tar.gz
[1m[INFO][0m:    [36m-> directory context /mnt/c/dev/Ai/.buildozer/android/platform/build-arm64-v8a/build/other_builds/cython/arm64-v8a__ndk_target_29[39m
[1m[INFO][0m:    cython is already unpacked, skipping
[1m[INFO][0m:    [36m<- directory context /mnt/c/dev/Ai/.buildozer/android/platform/python-for-android[39m
[1m[INFO][0m:    [1m[32mUnpacking Pillow for arm64-v8a[0m[39m
[1m[90m[DEBUG][39m[0m:   [90m->[0m running basename https://github.com/python-pillow/Pillow/archive/8.4.0.tar.gz[0m
[1m[90m[DEBUG][39m[0m:   	8.4.0.tar.gz
[1m[INFO][0m:    [36m-> directory context /mnt/c/dev/Ai/.buildozer/android/platform/build-arm64-v8a/build/other_builds/Pillow/arm64-v8a__ndk_target_29[39m
[1m[INFO][0m:    Pillow is already unpacked, skipping
[1m[INFO][0m:    [36m<- directory context /mnt/c/dev/Ai/.buildozer/android/platform/python-for-android[39m
[1m[INFO][0m:    [1m[32mUnpacking six for arm64-v8a[0m[39m
[1m[90m[DEBUG][39m[0m:   [90m->[0m running basename https://pypi.python.org/packages/source/s/six/six-1.15.0.tar.gz[0m
[1m[90m[DEBUG][39m[0m:   	six-1.15.0.tar.gz
[1m[INFO][0m:    [36m-> directory context /mnt/c/dev/Ai/.buildozer/android/platform/build-arm64-v8a/build/other_builds/six/arm64-v8a__ndk_target_29[39m
[1m[INFO][0m:    six is already unpacked, skipping
[1m[INFO][0m:    [36m<- directory context /mnt/c/dev/Ai/.buildozer/android/platform/python-for-android[39m
[1m[INFO][0m:    [1m[32mUnpacking numpy for arm64-v8a[0m[39m
[1m[90m[DEBUG][39m[0m:   [90m->[0m running basename https://pypi.python.org/packages/source/n/numpy/numpy-1.22.3.zip[0m
[1m[90m[DEBUG][39m[0m:   	numpy-1.22.3.zip
[1m[INFO][0m:    [36m-> directory context /mnt/c/dev/Ai/.buildozer/android/platform/build-arm64-v8a/build/other_builds/numpy/arm64-v8a__ndk_target_29[39m
[1m[INFO][0m:    numpy is already unpacked, skipping
[1m[INFO][0m:    [36m<- directory context /mnt/c/dev/Ai/.buildozer/android/platform/python-for-android[39m
[1m[INFO][0m:    [1m[32mUnpacking pyjnius for arm64-v8a[0m[39m
[1m[90m[DEBUG][39m[0m:   [90m->[0m running basename https://github.com/kivy/pyjnius/archive/1.6.1.zip[0m
[1m[90m[DEBUG][39m[0m:   	1.6.1.zip
[1m[INFO][0m:    [36m-> directory context /mnt/c/dev/Ai/.buildozer/android/platform/build-arm64-v8a/build/other_builds/pyjnius-sdl2/arm64-v8a__ndk_target_29[39m
[1m[INFO][0m:    pyjnius is already unpacked, skipping
[1m[INFO][0m:    [36m<- directory context /mnt/c/dev/Ai/.buildozer/android/platform/python-for-android[39m
[1m[90m[DEBUG][39m[0m:   Remove directory and subdirectory /mnt/c/dev/Ai/.buildozer/android/platform/build-arm64-v8a/build/other_builds/android-sdl2/arm64-v8a__ndk_target_29/android
[1m[90m[DEBUG][39m[0m:   [90m->[0m running cp -a /mnt/c/dev/Ai/.buildozer/android/platform/python-for-android/pythonforandroid/recipes/android/src /mnt/c/dev/Ai/.buildozer/android/platform/build-arm64-v8a/build/other_builds/android-sdl2/arm64-v8a__ndk_target_29/android[0m
[1m[INFO][0m:    [1m[32mUnpacking kivy for arm64-v8a[0m[39m
[1m[90m[DEBUG][39m[0m:   [90m->[0m running basename https://github.com/kivy/kivy/archive/2.3.1.zip[0m
[1m[90m[DEBUG][39m[0m:   	2.3.1.zip
[1m[INFO][0m:    [36m-> directory context /mnt/c/dev/Ai/.buildozer/android/platform/build-arm64-v8a/build/other_builds/kivy/arm64-v8a__ndk_target_29[39m
[1m[INFO][0m:    kivy is already unpacked, skipping
[1m[INFO][0m:    [36m<- directory context /mnt/c/dev/Ai/.buildozer/android/platform/python-for-android[39m
[1m[INFO][0m:    [1m[32m# Prebuilding recipes[0m[39m
[1m[INFO][0m:    [1m[32mPrebuilding freetype for arm64-v8a[0m[39m
[1m[INFO][0m:    freetype has no prebuild_arm64_v8a, skipping
[1m[INFO][0m:    [1m[32mPrebuilding hostpython3 for arm64-v8a[0m[39m
[1m[INFO][0m:    hostpython3 has no prebuild_arm64_v8a, skipping
[1m[INFO][0m:    [1m[32mApplying patches for hostpython3[arm64-v8a][0m[39m
[1m[INFO][0m:    [1m[32mhostpython3 already patched, skipping[0m[39m
[1m[INFO][0m:    [1m[32mPrebuilding jpeg for arm64-v8a[0m[39m
[1m[INFO][0m:    jpeg has no prebuild_arm64_v8a, skipping
[1m[INFO][0m:    [1m[32mPrebuilding libffi for arm64-v8a[0m[39m
[1m[INFO][0m:    libffi has no prebuild_arm64_v8a, skipping
[1m[INFO][0m:    [1m[32mApplying patches for libffi[arm64-v8a][0m[39m
[1m[INFO][0m:    [1m[32mlibffi already patched, skipping[0m[39m
[1m[INFO][0m:    [1m[32mPrebuilding openssl for arm64-v8a[0m[39m
[1m[INFO][0m:    openssl has no prebuild_arm64_v8a, skipping
[1m[INFO][0m:    [1m[32mPrebuilding png for arm64-v8a[0m[39m
[1m[INFO][0m:    png has no prebuild_arm64_v8a, skipping
[1m[INFO][0m:    [1m[32mPrebuilding sdl2_image for arm64-v8a[0m[39m
[1m[INFO][0m:    sdl2_image has no prebuild_arm64_v8a, skipping
[1m[INFO][0m:    [1m[32mApplying patches for sdl2_image[arm64-v8a][0m[39m
[1m[INFO][0m:    [1m[32msdl2_image already patched, skipping[0m[39m
[1m[INFO][0m:    [1m[32mPrebuilding sdl2_mixer for arm64-v8a[0m[39m
[1m[INFO][0m:    sdl2_mixer has no prebuild_arm64_v8a, skipping
[1m[INFO][0m:    [1m[32mPrebuilding sdl2_ttf for arm64-v8a[0m[39m
[1m[INFO][0m:    sdl2_ttf has no prebuild_arm64_v8a, skipping
[1m[INFO][0m:    [1m[32mPrebuilding sqlite3 for arm64-v8a[0m[39m
[1m[INFO][0m:    sqlite3 has no prebuild_arm64_v8a, skipping
[1m[INFO][0m:    [1m[32mPrebuilding python3 for arm64-v8a[0m[39m
[1m[INFO][0m:    python3 has no prebuild_arm64_v8a, skipping
[1m[INFO][0m:    [1m[32mApplying patches for python3[arm64-v8a][0m[39m
[1m[INFO][0m:    [1m[32mpython3 already patched, skipping[0m[39m
[1m[INFO][0m:    [1m[32mPrebuilding sdl2 for arm64-v8a[0m[39m
[1m[INFO][0m:    sdl2 has no prebuild_arm64_v8a, skipping
[1m[INFO][0m:    [1m[32mPrebuilding setuptools for arm64-v8a[0m[39m
[1m[INFO][0m:    setuptools has no prebuild_arm64_v8a, skipping
[1m[INFO][0m:    [1m[32mPrebuilding cython for arm64-v8a[0m[39m
[1m[INFO][0m:    cython has no prebuild_arm64_v8a, skipping
[1m[INFO][0m:    [1m[32mPrebuilding Pillow for arm64-v8a[0m[39m
[1m[INFO][0m:    Pillow has no prebuild_arm64_v8a, skipping
[1m[INFO][0m:    [1m[32mApplying patches for Pillow[arm64-v8a][0m[39m
[1m[INFO][0m:    [1m[32mPillow already patched, skipping[0m[39m
[1m[INFO][0m:    [1m[32mPrebuilding six for arm64-v8a[0m[39m
[1m[INFO][0m:    six has no prebuild_arm64_v8a, skipping
[1m[INFO][0m:    [1m[32mPrebuilding numpy for arm64-v8a[0m[39m
[1m[INFO][0m:    numpy has no prebuild_arm64_v8a, skipping
[1m[INFO][0m:    [1m[32mApplying patches for numpy[arm64-v8a][0m[39m
[1m[INFO][0m:    [1m[32mnumpy already patched, skipping[0m[39m
[1m[INFO][0m:    [1m[32mPrebuilding pyjnius for arm64-v8a[0m[39m
[1m[INFO][0m:    pyjnius has no prebuild_arm64_v8a, skipping
[1m[INFO][0m:    [1m[32mApplying patches for pyjnius[arm64-v8a][0m[39m
[1m[INFO][0m:    [1m[32mpyjnius already patched, skipping[0m[39m
[1m[INFO][0m:    [1m[32mPrebuilding android for arm64-v8a[0m[39m
[1m[INFO][0m:    android has no prebuild_arm64_v8a, skipping
[1m[INFO][0m:    [36m-> directory context /mnt/c/dev/Ai/.buildozer/android/platform/build-arm64-v8a/build/other_builds/android-sdl2/arm64-v8a__ndk_target_29/android[39m
[1m[INFO][0m:    [36m<- directory context /mnt/c/dev/Ai/.buildozer/android/platform/python-for-android[39m
[1m[INFO][0m:    [1m[32mPrebuilding kivy for arm64-v8a[0m[39m
[1m[INFO][0m:    kivy has no prebuild_arm64_v8a, skipping
[1m[INFO][0m:    [1m[32mApplying patches for kivy[arm64-v8a][0m[39m
[1m[INFO][0m:    [1m[32mkivy already patched, skipping[0m[39m
[1m[INFO][0m:    [1m[32m# Building recipes[0m[39m
[1m[INFO][0m:    [1m[32mBuilding freetype for arm64-v8a[0m[39m
[1m[INFO][0m:    freetype said it is already built, skipping
[1m[90m[DEBUG][39m[0m:   [90m->[0m running cp /mnt/c/dev/Ai/.buildozer/android/platform/build-arm64-v8a/build/other_builds/freetype/arm64-v8a__ndk_target_29/freetype/objs/.libs/libfreetype.so /mnt/c/dev/Ai/.buildozer/android/platform/build-arm64-v8a/build/libs_collections/antigravityai/arm64-v8a[0m
[1m[INFO][0m:    [1m[32mBuilding hostpython3 for arm64-v8a[0m[39m
[1m[INFO][0m:    hostpython3 said it is already built, skipping
[1m[INFO][0m:    [1m[32mBuilding jpeg for arm64-v8a[0m[39m
[1m[INFO][0m:    jpeg said it is already built, skipping
[1m[31m[WARNING][39m[0m: install_libs called with no libraries to install!
[1m[INFO][0m:    [1m[32mBuilding libffi for arm64-v8a[0m[39m
[1m[INFO][0m:    libffi said it is already built, skipping
[1m[90m[DEBUG][39m[0m:   [90m->[0m running cp /mnt/c/dev/Ai/.buildozer/android/platform/build-arm64-v8a/build/other_builds/libffi/arm64-v8a__ndk_target_29/libffi/.libs/libffi.so /mnt/c/dev/Ai/.buildozer/android/platform/build-arm64-v8a/build/libs_collections/antigravityai/arm64-v8a[0m
[1m[INFO][0m:    [1m[32mBuilding openssl for arm64-v8a[0m[39m
[1m[INFO][0m:    openssl said it is already built, skipping
[1m[90m[DEBUG][39m[0m:   [90m->[0m running cp /mnt/c/dev/Ai/.buildozer/android/platform/build-arm64-v8a/build/other_builds/openssl/arm64-v8a__ndk_target_29/openssl1.1/libcrypto1.1.so /mnt/c/dev/Ai/.buildozer/android/platform/build-arm64-v8a/build/other_builds/openssl/arm64-v8a__ndk_target_29/openssl1.1/libssl1.1.so /mnt/c/dev/Ai/.buildozer/android/platform/build-arm64-v8a/build/libs_collections/antigravityai/arm64-v8a[0m
[1m[INFO][0m:    [1m[32mBuilding png for arm64-v8a[0m[39m
[1m[INFO][0m:    png said it is already built, skipping
[1m[90m[DEBUG][39m[0m:   [90m->[0m running cp /mnt/c/dev/Ai/.buildozer/android/platform/build-arm64-v8a/build/other_builds/png/arm64-v8a__ndk_target_29/png/.libs/libpng16.so /mnt/c/dev/Ai/.buildozer/android/platform/build-arm64-v8a/build/libs_collections/antigravityai/arm64-v8a[0m
[1m[INFO][0m:    [1m[32mBuilding sdl2_image for arm64-v8a[0m[39m
[1m[INFO][0m:    [1m[32mBuilding sdl2_mixer for arm64-v8a[0m[39m
[1m[INFO][0m:    [1m[32mBuilding sdl2_ttf for arm64-v8a[0m[39m
[1m[INFO][0m:    [1m[32mBuilding sqlite3 for arm64-v8a[0m[39m
[1m[INFO][0m:    sqlite3 said it is already built, skipping
[1m[INFO][0m:    [1m[32mBuilding python3 for arm64-v8a[0m[39m
[1m[INFO][0m:    python3 said it is already built, skipping
[1m[INFO][0m:    [1m[32mBuilding sdl2 for arm64-v8a[0m[39m
[1m[INFO][0m:    sdl2 said it is already built, skipping
[1m[INFO][0m:    [1m[32mBuilding setuptools for arm64-v8a[0m[39m
[1m[INFO][0m:    Python package already exists in site-packages
[1m[INFO][0m:    setuptools said it is already built, skipping
[1m[INFO][0m:    [1m[32mBuilding cython for arm64-v8a[0m[39m
[1m[INFO][0m:    Python package already exists in site-packages
[1m[INFO][0m:    cython said it is already built, skipping
[1m[INFO][0m:    [1m[32mBuilding Pillow for arm64-v8a[0m[39m
[1m[INFO][0m:    Pillow apparently isn't already in site-packages
[1m[INFO][0m:    Building compiled components in Pillow
[1m[INFO][0m:    [36m-> directory context /mnt/c/dev/Ai/.buildozer/android/platform/build-arm64-v8a/build/other_builds/Pillow/arm64-v8a__ndk_target_29/Pillow[39m
[1m[90m[DEBUG][39m[0m:   [90m->[0m running python3 setup.py build_ext -v[0m
[1m[90m[DEBUG][39m[0m:   	running build_ext
[1m[90m[DEBUG][39m[0m:   	Appending path /mnt/c/dev/Ai/.buildozer/android/platform/build-arm64-v8a/build/other_builds/python3/arm64-v8a__ndk_target_29/python3/Include
[1m[90m[DEBUG][39m[0m:   	Appending path /mnt/c/dev/Ai/.buildozer/android/platform/build-arm64-v8a/build/other_builds/png/arm64-v8a__ndk_target_29/png
[1m[90m[DEBUG][39m[0m:   	Appending path /mnt/c/dev/Ai/.buildozer/android/platform/build-arm64-v8a/build/other_builds/freetype/arm64-v8a__ndk_target_29/freetype/include
[1m[90m[DEBUG][39m[0m:   	Appending path /mnt/c/dev/Ai/.buildozer/android/platform/build-arm64-v8a/build/other_builds/jpeg/arm64-v8a__ndk_target_29/jpeg
[1m[90m[DEBUG][39m[0m:   	Appending path /home/rajkrish/.buildozer/android/platform/android-ndk-r25b/toolchains/llvm/prebuilt/linux-x86_64/sysroot/usr/include
[1m[90m[DEBUG][39m[0m:   	Appending path /mnt/c/dev/Ai/.buildozer/android/platform/build-arm64-v8a/build/libs_collections/antigravityai/arm64-v8a
[1m[90m[DEBUG][39m[0m:   	Appending path /mnt/c/dev/Ai/.buildozer/android/platform/build-arm64-v8a/build/other_builds/python3/arm64-v8a__ndk_target_29/python3/android-build
[1m[90m[DEBUG][39m[0m:   	Appending path /mnt/c/dev/Ai/.buildozer/android/platform/build-arm64-v8a/build/other_builds/png/arm64-v8a__ndk_target_29/png/.libs
[1m[90m[DEBUG][39m[0m:   	Appending path /mnt/c/dev/Ai/.buildozer/android/platform/build-arm64-v8a/build/other_builds/freetype/arm64-v8a__ndk_target_29/freetype/objs/.libs
[1m[90m[DEBUG][39m[0m:   	Appending path /mnt/c/dev/Ai/.buildozer/android/platform/build-arm64-v8a/build/other_builds/jpeg/arm64-v8a__ndk_target_29/jpeg
[1m[90m[DEBUG][39m[0m:   	Appending path /home/rajkrish/.buildozer/android/platform/android-ndk-r25b/toolchains/llvm/prebuilt/linux-x86_64/sysroot/usr/lib/aarch64-linux-android/29
[1m[90m[DEBUG][39m[0m:   	Looking for zlib
[1m[90m[DEBUG][39m[0m:   	Checking for include file zlib.h in /mnt/c/dev/Ai/.buildozer/android/platform/build-arm64-v8a/build/other_builds/python3/arm64-v8a__ndk_target_29/python3/Include
[1m[90m[DEBUG][39m[0m:   	Checking for include file zlib.h in /mnt/c/dev/Ai/.buildozer/android/platform/build-arm64-v8a/build/other_builds/png/arm64-v8a__ndk_target_29/png
[1m[90m[DEBUG][39m[0m:   	Checking for include file zlib.h in /mnt/c/dev/Ai/.buildozer/android/platform/build-arm64-v8a/build/other_builds/freetype/arm64-v8a__ndk_target_29/freetype/include
[1m[90m[DEBUG][39m[0m:   	Checking for include file zlib.h in /mnt/c/dev/Ai/.buildozer/android/platform/build-arm64-v8a/build/other_builds/jpeg/arm64-v8a__ndk_target_29/jpeg
[1m[90m[DEBUG][39m[0m:   	Checking for include file zlib.h in /home/rajkrish/.buildozer/android/platform/android-ndk-r25b/toolchains/llvm/prebuilt/linux-x86_64/sysroot/usr/include
[1m[90m[DEBUG][39m[0m:   	Found zlib.h
[1m[90m[DEBUG][39m[0m:   	Found library z at /home/rajkrish/.buildozer/android/platform/android-ndk-r25b/toolchains/llvm/prebuilt/linux-x86_64/sysroot/usr/lib/aarch64-linux-android/29/libz.so
[1m[90m[DEBUG][39m[0m:   	Looking for jpeg
[1m[90m[DEBUG][39m[0m:   	Checking for include file jpeglib.h in /mnt/c/dev/Ai/.buildozer/android/platform/build-arm64-v8a/build/other_builds/python3/arm64-v8a__ndk_target_29/python3/Include
[1m[90m[DEBUG][39m[0m:   	Checking for include file jpeglib.h in /mnt/c/dev/Ai/.buildozer/android/platform/build-arm64-v8a/build/other_builds/png/arm64-v8a__ndk_target_29/png
[1m[90m[DEBUG][39m[0m:   	Checking for include file jpeglib.h in /mnt/c/dev/Ai/.buildozer/android/platform/build-arm64-v8a/build/other_builds/freetype/arm64-v8a__ndk_target_29/freetype/include
[1m[90m[DEBUG][39m[0m:   	Checking for include file jpeglib.h in /mnt/c/dev/Ai/.buildozer/android/platform/build-arm64-v8a/build/other_builds/jpeg/arm64-v8a__ndk_target_29/jpeg
[1m[90m[DEBUG][39m[0m:   	Found jpeglib.h
[1m[90m[DEBUG][39m[0m:   	Found library jpeg at /mnt/c/dev/Ai/.buildozer/android/platform/build-arm64-v8a/build/other_builds/jpeg/arm64-v8a__ndk_target_29/jpeg/libjpeg.a
[1m[90m[DEBUG][39m[0m:   	Looking for jpeg2000
[1m[90m[DEBUG][39m[0m:   	Checking for openjpeg-#.# in /mnt/c/dev/Ai/.buildozer/android/platform/build-arm64-v8a/build/other_builds/python3/arm64-v8a__ndk_target_29/python3/Include
[1m[90m[DEBUG][39m[0m:   	Checking for openjpeg-#.# in /mnt/c/dev/Ai/.buildozer/android/platform/build-arm64-v8a/build/other_builds/png/arm64-v8a__ndk_target_29/png
[1m[90m[DEBUG][39m[0m:   	Checking for openjpeg-#.# in /mnt/c/dev/Ai/.buildozer/android/platform/build-arm64-v8a/build/other_builds/freetype/arm64-v8a__ndk_target_29/freetype/include
[1m[90m[DEBUG][39m[0m:   	Checking for openjpeg-#.# in /mnt/c/dev/Ai/.buildozer/android/platform/build-arm64-v8a/build/other_builds/jpeg/arm64-v8a__ndk_target_29/jpeg
[1m[90m[DEBUG][39m[0m:   	Checking for openjpeg-#.# in /home/rajkrish/.buildozer/android/platform/android-ndk-r25b/toolchains/llvm/prebuilt/linux-x86_64/sysroot/usr/include
[1m[90m[DEBUG][39m[0m:   	Checking for openjpeg-#.# in /mnt/c/dev/Ai/.buildozer/android/platform/build-arm64-v8a/build/other_builds/hostpython3/desktop/hostpython3/Include
[1m[90m[DEBUG][39m[0m:   	Checking for openjpeg-#.# in /mnt/c/dev/Ai/.buildozer/android/platform/build-arm64-v8a/build/other_builds/hostpython3/desktop/hostpython3/native-build
[1m[90m[DEBUG][39m[0m:   	Looking for imagequant
[1m[90m[DEBUG][39m[0m:   	Checking for include file libimagequant.h in /mnt/c/dev/Ai/.buildozer/android/platform/build-arm64-v8a/build/other_builds/python3/arm64-v8a__ndk_target_29/python3/Include
[1m[90m[DEBUG][39m[0m:   	Checking for include file libimagequant.h in /mnt/c/dev/Ai/.buildozer/android/platform/build-arm64-v8a/build/other_builds/png/arm64-v8a__ndk_target_29/png
[1m[90m[DEBUG][39m[0m:   	Checking for include file libimagequant.h in /mnt/c/dev/Ai/.buildozer/android/platform/build-arm64-v8a/build/other_builds/freetype/arm64-v8a__ndk_target_29/freetype/include
[1m[90m[DEBUG][39m[0m:   	Checking for include file libimagequant.h in /mnt/c/dev/Ai/.buildozer/android/platform/build-arm64-v8a/build/other_builds/jpeg/arm64-v8a__ndk_target_29/jpeg
[1m[90m[DEBUG][39m[0m:   	Checking for include file libimagequant.h in /home/rajkrish/.buildozer/android/platform/android-ndk-r25b/toolchains/llvm/prebuilt/linux-x86_64/sysroot/usr/include
[1m[90m[DEBUG][39m[0m:   	Checking for include file libimagequant.h in /mnt/c/dev/Ai/.buildozer/android/platform/build-arm64-v8a/build/other_builds/hostpython3/desktop/hostpython3/Include
[1m[90m[DEBUG][39m[0m:   	Checking for include file libimagequant.h in /mnt/c/dev/Ai/.buildozer/android/platform/build-arm64-v8a/build/other_builds/hostpython3/desktop/hostpython3/native-build
[1m[90m[DEBUG][39m[0m:   	Looking for tiff
[1m[90m[DEBUG][39m[0m:   	Checking for include file tiff.h in /mnt/c/dev/Ai/.buildozer/android/platform/build-arm64-v8a/build/other_builds/python3/arm64-v8a__ndk_target_29/python3/Include
[1m[90m[DEBUG][39m[0m:   	Checking for include file tiff.h in /mnt/c/dev/Ai/.buildozer/android/platform/build-arm64-v8a/build/other_builds/png/arm64-v8a__ndk_target_29/png
[1m[90m[DEBUG][39m[0m:   	Checking for include file tiff.h in /mnt/c/dev/Ai/.buildozer/android/platform/build-arm64-v8a/build/other_builds/freetype/arm64-v8a__ndk_target_29/freetype/include
[1m[90m[DEBUG][39m[0m:   	Checking for include file tiff.h in /mnt/c/dev/Ai/.buildozer/android/platform/build-arm64-v8a/build/other_builds/jpeg/arm64-v8a__ndk_target_29/jpeg
[1m[90m[DEBUG][39m[0m:   	Checking for include file tiff.h in /home/rajkrish/.buildozer/android/platform/android-ndk-r25b/toolchains/llvm/prebuilt/linux-x86_64/sysroot/usr/include
[1m[90m[DEBUG][39m[0m:   	Checking for include file tiff.h in /mnt/c/dev/Ai/.buildozer/android/platform/build-arm64-v8a/build/other_builds/hostpython3/desktop/hostpython3/Include
[1m[90m[DEBUG][39m[0m:   	Checking for include file tiff.h in /mnt/c/dev/Ai/.buildozer/android/platform/build-arm64-v8a/build/other_builds/hostpython3/desktop/hostpython3/native-build
[1m[90m[DEBUG][39m[0m:   	Looking for freetype
[1m[90m[DEBUG][39m[0m:   	Found library freetype at /mnt/c/dev/Ai/.buildozer/android/platform/build-arm64-v8a/build/libs_collections/antigravityai/arm64-v8a/libfreetype.so
[1m[90m[DEBUG][39m[0m:   	Checking for include file ft2build.h in /mnt/c/dev/Ai/.buildozer/android/platform/build-arm64-v8a/build/other_builds/python3/arm64-v8a__ndk_target_29/python3/Include
[1m[90m[DEBUG][39m[0m:   	Checking for include file ft2build.h in /mnt/c/dev/Ai/.buildozer/android/platform/build-arm64-v8a/build/other_builds/python3/arm64-v8a__ndk_target_29/python3/Include/freetype2
[1m[90m[DEBUG][39m[0m:   	Checking for include file ft2build.h in /mnt/c/dev/Ai/.buildozer/android/platform/build-arm64-v8a/build/other_builds/png/arm64-v8a__ndk_target_29/png
[1m[90m[DEBUG][39m[0m:   	Checking for include file ft2build.h in /mnt/c/dev/Ai/.buildozer/android/platform/build-arm64-v8a/build/other_builds/png/arm64-v8a__ndk_target_29/png/freetype2
[1m[90m[DEBUG][39m[0m:   	Checking for include file ft2build.h in /mnt/c/dev/Ai/.buildozer/android/platform/build-arm64-v8a/build/other_builds/freetype/arm64-v8a__ndk_target_29/freetype/include
[1m[90m[DEBUG][39m[0m:   	Found ft2build.h in /mnt/c/dev/Ai/.buildozer/android/platform/build-arm64-v8a/build/other_builds/freetype/arm64-v8a__ndk_target_29/freetype/include
[1m[90m[DEBUG][39m[0m:   	Looking for Raqm
[1m[90m[DEBUG][39m[0m:   	Checking for include file raqm.h in /mnt/c/dev/Ai/.buildozer/android/platform/build-arm64-v8a/build/other_builds/python3/arm64-v8a__ndk_target_29/python3/Include
[1m[90m[DEBUG][39m[0m:   	Checking for include file raqm.h in /mnt/c/dev/Ai/.buildozer/android/platform/build-arm64-v8a/build/other_builds/png/arm64-v8a__ndk_target_29/png
[1m[90m[DEBUG][39m[0m:   	Checking for include file raqm.h in /mnt/c/dev/Ai/.buildozer/android/platform/build-arm64-v8a/build/other_builds/freetype/arm64-v8a__ndk_target_29/freetype/include
[1m[90m[DEBUG][39m[0m:   	Checking for include file raqm.h in /mnt/c/dev/Ai/.buildozer/android/platform/build-arm64-v8a/build/other_builds/jpeg/arm64-v8a__ndk_target_29/jpeg
[1m[90m[DEBUG][39m[0m:   	Checking for include file raqm.h in /home/rajkrish/.buildozer/android/platform/android-ndk-r25b/toolchains/llvm/prebuilt/linux-x86_64/sysroot/usr/include
[1m[90m[DEBUG][39m[0m:   	Checking for include file raqm.h in /mnt/c/dev/Ai/.buildozer/android/platform/build-arm64-v8a/build/other_builds/hostpython3/desktop/hostpython3/Include
[1m[90m[DEBUG][39m[0m:   	Checking for include file raqm.h in /mnt/c/dev/Ai/.buildozer/android/platform/build-arm64-v8a/build/other_builds/hostpython3/desktop/hostpython3/native-build
[1m[90m[DEBUG][39m[0m:   	Looking for lcms
[1m[90m[DEBUG][39m[0m:   	Checking for include file lcms2.h in /mnt/c/dev/Ai/.buildozer/android/platform/build-arm64-v8a/build/other_builds/python3/arm64-v8a__ndk_target_29/python3/Include
[1m[90m[DEBUG][39m[0m:   	Checking for include file lcms2.h in /mnt/c/dev/Ai/.buildozer/android/platform/build-arm64-v8a/build/other_builds/png/arm64-v8a__ndk_target_29/png
[1m[90m[DEBUG][39m[0m:   	Checking for include file lcms2.h in /mnt/c/dev/Ai/.buildozer/android/platform/build-arm64-v8a/build/other_builds/freetype/arm64-v8a__ndk_target_29/freetype/include
[1m[90m[DEBUG][39m[0m:   	Checking for include file lcms2.h in /mnt/c/dev/Ai/.buildozer/android/platform/build-arm64-v8a/build/other_builds/jpeg/arm64-v8a__ndk_target_29/jpeg
[1m[90m[DEBUG][39m[0m:   	Checking for include file lcms2.h in /home/rajkrish/.buildozer/android/platform/android-ndk-r25b/toolchains/llvm/prebuilt/linux-x86_64/sysroot/usr/include
[1m[90m[DEBUG][39m[0m:   	Checking for include file lcms2.h in /mnt/c/dev/Ai/.buildozer/android/platform/build-arm64-v8a/build/other_builds/hostpython3/desktop/hostpython3/Include
[1m[90m[DEBUG][39m[0m:   	Checking for include file lcms2.h in /mnt/c/dev/Ai/.buildozer/android/platform/build-arm64-v8a/build/other_builds/hostpython3/desktop/hostpython3/native-build
[1m[90m[DEBUG][39m[0m:   	Looking for webp
[1m[90m[DEBUG][39m[0m:   	Checking for include file webp/encode.h in /mnt/c/dev/Ai/.buildozer/android/platform/build-arm64-v8a/build/other_builds/python3/arm64-v8a__ndk_target_29/python3/Include
[1m[90m[DEBUG][39m[0m:   	Checking for include file webp/encode.h in /mnt/c/dev/Ai/.buildozer/android/platform/build-arm64-v8a/build/other_builds/png/arm64-v8a__ndk_target_29/png
[1m[90m[DEBUG][39m[0m:   	Checking for include file webp/encode.h in /mnt/c/dev/Ai/.buildozer/android/platform/build-arm64-v8a/build/other_builds/freetype/arm64-v8a__ndk_target_29/freetype/include
[1m[90m[DEBUG][39m[0m:   	Checking for include file webp/encode.h in /mnt/c/dev/Ai/.buildozer/android/platform/build-arm64-v8a/build/other_builds/jpeg/arm64-v8a__ndk_target_29/jpeg
[1m[90m[DEBUG][39m[0m:   	Checking for include file webp/encode.h in /home/rajkrish/.buildozer/android/platform/android-ndk-r25b/toolchains/llvm/prebuilt/linux-x86_64/sysroot/usr/include
[1m[90m[DEBUG][39m[0m:   	Checking for include file webp/encode.h in /mnt/c/dev/Ai/.buildozer/android/platform/build-arm64-v8a/build/other_builds/hostpython3/desktop/hostpython3/Include
[1m[90m[DEBUG][39m[0m:   	Checking for include file webp/encode.h in /mnt/c/dev/Ai/.buildozer/android/platform/build-arm64-v8a/build/other_builds/hostpython3/desktop/hostpython3/native-build
[1m[90m[DEBUG][39m[0m:   	Looking for webpmux
[1m[90m[DEBUG][39m[0m:   	Checking for include file webp/mux.h in /mnt/c/dev/Ai/.buildozer/android/platform/build-arm64-v8a/build/other_builds/python3/arm64-v8a__ndk_target_29/python3/Include
[1m[90m[DEBUG][39m[0m:   	Checking for include file webp/mux.h in /mnt/c/dev/Ai/.buildozer/android/platform/build-arm64-v8a/build/other_builds/png/arm64-v8a__ndk_target_29/png
[1m[90m[DEBUG][39m[0m:   	Checking for include file webp/mux.h in /mnt/c/dev/Ai/.buildozer/android/platform/build-arm64-v8a/build/other_builds/freetype/arm64-v8a__ndk_target_29/freetype/include
[1m[90m[DEBUG][39m[0m:   	Checking for include file webp/mux.h in /mnt/c/dev/Ai/.buildozer/android/platform/build-arm64-v8a/build/other_builds/jpeg/arm64-v8a__ndk_target_29/jpeg
[1m[90m[DEBUG][39m[0m:   	Checking for include file webp/mux.h in /home/rajkrish/.buildozer/android/platform/android-ndk-r25b/toolchains/llvm/prebuilt/linux-x86_64/sysroot/usr/include
[1m[90m[DEBUG][39m[0m:   	Checking for include file webp/mux.h in /mnt/c/dev/Ai/.buildozer/android/platform/build-arm64-v8a/build/other_builds/hostpython3/desktop/hostpython3/Include
[1m[90m[DEBUG][39m[0m:   	Checking for include file webp/mux.h in /mnt/c/dev/Ai/.buildozer/android/platform/build-arm64-v8a/build/other_builds/hostpython3/desktop/hostpython3/native-build
[1m[90m[DEBUG][39m[0m:   	Looking for xcb
[1m[90m[DEBUG][39m[0m:   	Checking for include file xcb/xcb.h in /mnt/c/dev/Ai/.buildozer/android/platform/build-arm64-v8a/build/other_builds/python3/arm64-v8a__ndk_target_29/python3/Include
[1m[90m[DEBUG][39m[0m:   	Checking for include file xcb/xcb.h in /mnt/c/dev/Ai/.buildozer/android/platform/build-arm64-v8a/build/other_builds/png/arm64-v8a__ndk_target_29/png
[1m[90m[DEBUG][39m[0m:   	Checking for include file xcb/xcb.h in /mnt/c/dev/Ai/.buildozer/android/platform/build-arm64-v8a/build/other_builds/freetype/arm64-v8a__ndk_target_29/freetype/include
[1m[90m[DEBUG][39m[0m:   	Checking for include file xcb/xcb.h in /mnt/c/dev/Ai/.buildozer/android/platform/build-arm64-v8a/build/other_builds/jpeg/arm64-v8a__ndk_target_29/jpeg
[1m[90m[DEBUG][39m[0m:   	Checking for include file xcb/xcb.h in /home/rajkrish/.buildozer/android/platform/android-ndk-r25b/toolchains/llvm/prebuilt/linux-x86_64/sysroot/usr/include
[1m[90m[DEBUG][39m[0m:   	Checking for include file xcb/xcb.h in /mnt/c/dev/Ai/.buildozer/android/platform/build-arm64-v8a/build/other_builds/hostpython3/desktop/hostpython3/Include
[1m[90m[DEBUG][39m[0m:   	Checking for include file xcb/xcb.h in /mnt/c/dev/Ai/.buildozer/android/platform/build-arm64-v8a/build/other_builds/hostpython3/desktop/hostpython3/native-build
[1m[90m[DEBUG][39m[0m:   	--------------------------------------------------------------------
[1m[90m[DEBUG][39m[0m:   	PIL SETUP SUMMARY
[1m[90m[DEBUG][39m[0m:   	--------------------------------------------------------------------
[1m[90m[DEBUG][39m[0m:   	version      Pillow 8.4.0
[1m[90m[DEBUG][39m[0m:   	platform     linux 3.11.5 (main, Feb 13 2026, 20:19:40)
[1m[90m[DEBUG][39m[0m:   	             [GCC 11.4.0]
[1m[90m[DEBUG][39m[0m:   	--------------------------------------------------------------------
[1m[90m[DEBUG][39m[0m:   	--- JPEG support available
[1m[90m[DEBUG][39m[0m:   	*** OPENJPEG (JPEG2000) support not available
[1m[90m[DEBUG][39m[0m:   	--- ZLIB (PNG/ZIP) support available
[1m[90m[DEBUG][39m[0m:   	*** LIBIMAGEQUANT support not available
[1m[90m[DEBUG][39m[0m:   	*** LIBTIFF support not available
[1m[90m[DEBUG][39m[0m:   	--- FREETYPE2 support available
[1m[90m[DEBUG][39m[0m:   	*** RAQM (Text shaping) support not available
[1m[90m[DEBUG][39m[0m:   	*** LITTLECMS2 support not available
[1m[90m[DEBUG][39m[0m:   	*** WEBP support not available
[1m[90m[DEBUG][39m[0m:   	*** WEBPMUX support not available
[1m[90m[DEBUG][39m[0m:   	*** XCB (X protocol) support not available
[1m[90m[DEBUG][39m[0m:   	--------------------------------------------------------------------
[1m[90m[DEBUG][39m[0m:   	To add a missing option, make sure you have the required
[1m[90m[DEBUG][39m[0m:   	library and headers.
[1m[90m[DEBUG][39m[0m:   	See https://pillow.readthedocs.io/en/latest/installation.html#building-from-source
[1m[90m[DEBUG][39m[0m:   	
[1m[90m[DEBUG][39m[0m:   	To check the build, run the selftest.py script.
[1m[90m[DEBUG][39m[0m:   	
[1m[90m[DEBUG][39m[0m:   [90m->[0m running find build/lib.linux-x86_64-3.11 -name "*.o" -exec /home/rajkrish/.buildozer/android/platform/android-ndk-r25b/toolchains/llvm/prebuilt/linux-x86_64/bin/llvm-strip --strip-unneeded {} ;[0m
[1m[INFO][0m:    [36m<- directory context /mnt/c/dev/Ai/.buildozer/android/platform/python-for-android[39m
[1m[INFO][0m:    Installing Pillow into site-packages
[1m[INFO][0m:    [36m-> directory context /mnt/c/dev/Ai/.buildozer/android/platform/build-arm64-v8a/build/other_builds/Pillow/arm64-v8a__ndk_target_29/Pillow[39m
[1m[90m[DEBUG][39m[0m:   [90m->[0m running python3 setup.py install -O2 --root=/mnt/c/dev/Ai/.buildozer/android/platform/build-arm64-v8a/build/python-installs/antigravityai/arm64-v8a --install-lib=.[0m
[1m[90m[DEBUG][39m[0m:   	running install
[1m[90m[DEBUG][39m[0m:   	running build
[1m[90m[DEBUG][39m[0m:   	running build_py
[1m[90m[DEBUG][39m[0m:   	running egg_info
[1m[90m[DEBUG][39m[0m:   	writing src/Pillow.egg-info/PKG-INFO
[1m[90m[DEBUG][39m[0m:   	writing dependency_links to src/Pillow.egg-info/dependency_links.txt
[1m[90m[DEBUG][39m[0m:   	writing top-level names to src/Pillow.egg-info/top_level.txt
[1m[90m[DEBUG][39m[0m:   	reading manifest file 'src/Pillow.egg-info/SOURCES.txt'
[1m[90m[DEBUG][39m[0m:   	reading manifest template 'MANIFEST.in'
[1m[90m[DEBUG][39m[0m:   	warning: no files found matching '*.c'
[1m[90m[DEBUG][39m[0m:   	warning: no files found matching '*.h'
[1m[90m[DEBUG][39m[0m:   	warning: no files found matching '*.sh'
[1m[90m[DEBUG][39m[0m:   	warning: no previously-included files found matching '.appveyor.yml'
[1m[90m[DEBUG][39m[0m:   	warning: no previously-included files found matching '.clang-format'
[1m[90m[DEBUG][39m[0m:   	warning: no previously-included files found matching '.coveragerc'
[1m[90m[DEBUG][39m[0m:   	warning: no previously-included files found matching '.editorconfig'
[1m[90m[DEBUG][39m[0m:   	warning: no previously-included files found matching '.readthedocs.yml'
[1m[90m[DEBUG][39m[0m:   	warning: no previously-included files found matching 'codecov.yml'
[1m[90m[DEBUG][39m[0m:   	warning: no previously-included files matching '.git*' found anywhere in distribution
[1m[90m[DEBUG][39m[0m:   	warning: no previously-included files matching '*.pyc' found anywhere in distribution
[1m[90m[DEBUG][39m[0m:   	warning: no previously-included files matching '*.so' found anywhere in distribution
[1m[90m[DEBUG][39m[0m:   	no previously-included directories found matching '.ci'
[1m[90m[DEBUG][39m[0m:   	writing manifest file 'src/Pillow.egg-info/SOURCES.txt'
[1m[90m[DEBUG][39m[0m:   	running build_ext
[1m[90m[DEBUG][39m[0m:   	Appending path /mnt/c/dev/Ai/.buildozer/android/platform/build-arm64-v8a/build/other_builds/python3/arm64-v8a__ndk_target_29/python3/Include
[1m[90m[DEBUG][39m[0m:   	Appending path /mnt/c/dev/Ai/.buildozer/android/platform/build-arm64-v8a/build/other_builds/png/arm64-v8a__ndk_target_29/png
[1m[90m[DEBUG][39m[0m:   	Appending path /mnt/c/dev/Ai/.buildozer/android/platform/build-arm64-v8a/build/other_builds/freetype/arm64-v8a__ndk_target_29/freetype/include
[1m[90m[DEBUG][39m[0m:   	Appending path /mnt/c/dev/Ai/.buildozer/android/platform/build-arm64-v8a/build/other_builds/jpeg/arm64-v8a__ndk_target_29/jpeg
[1m[90m[DEBUG][39m[0m:   	Appending path /home/rajkrish/.buildozer/android/platform/android-ndk-r25b/toolchains/llvm/prebuilt/linux-x86_64/sysroot/usr/include
[1m[90m[DEBUG][39m[0m:   	Appending path /mnt/c/dev/Ai/.buildozer/android/platform/build-arm64-v8a/build/libs_collections/antigravityai/arm64-v8a
[1m[90m[DEBUG][39m[0m:   	Appending path /mnt/c/dev/Ai/.buildozer/android/platform/build-arm64-v8a/build/other_builds/python3/arm64-v8a__ndk_target_29/python3/android-build
[1m[90m[DEBUG][39m[0m:   	Appending path /mnt/c/dev/Ai/.buildozer/android/platform/build-arm64-v8a/build/other_builds/png/arm64-v8a__ndk_target_29/png/.libs
[1m[90m[DEBUG][39m[0m:   	Appending path /mnt/c/dev/Ai/.buildozer/android/platform/build-arm64-v8a/build/other_builds/freetype/arm64-v8a__ndk_target_29/freetype/objs/.libs
[1m[90m[DEBUG][39m[0m:   	Appending path /mnt/c/dev/Ai/.buildozer/android/platform/build-arm64-v8a/build/other_builds/jpeg/arm64-v8a__ndk_target_29/jpeg
[1m[90m[DEBUG][39m[0m:   	Appending path /home/rajkrish/.buildozer/android/platform/android-ndk-r25b/toolchains/llvm/prebuilt/linux-x86_64/sysroot/usr/lib/aarch64-linux-android/29
[1m[90m[DEBUG][39m[0m:   	Looking for zlib
[1m[90m[DEBUG][39m[0m:   	Checking for include file zlib.h in /mnt/c/dev/Ai/.buildozer/android/platform/build-arm64-v8a/build/other_builds/python3/arm64-v8a__ndk_target_29/python3/Include
[1m[90m[DEBUG][39m[0m:   	Checking for include file zlib.h in /mnt/c/dev/Ai/.buildozer/android/platform/build-arm64-v8a/build/other_builds/png/arm64-v8a__ndk_target_29/png
[1m[90m[DEBUG][39m[0m:   	Checking for include file zlib.h in /mnt/c/dev/Ai/.buildozer/android/platform/build-arm64-v8a/build/other_builds/freetype/arm64-v8a__ndk_target_29/freetype/include
[1m[90m[DEBUG][39m[0m:   	Checking for include file zlib.h in /mnt/c/dev/Ai/.buildozer/android/platform/build-arm64-v8a/build/other_builds/jpeg/arm64-v8a__ndk_target_29/jpeg
[1m[90m[DEBUG][39m[0m:   	Checking for include file zlib.h in /home/rajkrish/.buildozer/android/platform/android-ndk-r25b/toolchains/llvm/prebuilt/linux-x86_64/sysroot/usr/include
[1m[90m[DEBUG][39m[0m:   	Found zlib.h
[1m[90m[DEBUG][39m[0m:   	Found library z at /home/rajkrish/.buildozer/android/platform/android-ndk-r25b/toolchains/llvm/prebuilt/linux-x86_64/sysroot/usr/lib/aarch64-linux-android/29/libz.so
[1m[90m[DEBUG][39m[0m:   	Looking for jpeg
[1m[90m[DEBUG][39m[0m:   	Checking for include file jpeglib.h in /mnt/c/dev/Ai/.buildozer/android/platform/build-arm64-v8a/build/other_builds/python3/arm64-v8a__ndk_target_29/python3/Include
[1m[90m[DEBUG][39m[0m:   	Checking for include file jpeglib.h in /mnt/c/dev/Ai/.buildozer/android/platform/build-arm64-v8a/build/other_builds/png/arm64-v8a__ndk_target_29/png
[1m[90m[DEBUG][39m[0m:   	Checking for include file jpeglib.h in /mnt/c/dev/Ai/.buildozer/android/platform/build-arm64-v8a/build/other_builds/freetype/arm64-v8a__ndk_target_29/freetype/include
[1m[90m[DEBUG][39m[0m:   	Checking for include file jpeglib.h in /mnt/c/dev/Ai/.buildozer/android/platform/build-arm64-v8a/build/other_builds/jpeg/arm64-v8a__ndk_target_29/jpeg
[1m[90m[DEBUG][39m[0m:   	Found jpeglib.h
[1m[90m[DEBUG][39m[0m:   	Found library jpeg at /mnt/c/dev/Ai/.buildozer/android/platform/build-arm64-v8a/build/other_builds/jpeg/arm64-v8a__ndk_target_29/jpeg/libjpeg.a
[1m[90m[DEBUG][39m[0m:   	Looking for jpeg2000
[1m[90m[DEBUG][39m[0m:   	Checking for openjpeg-#.# in /mnt/c/dev/Ai/.buildozer/android/platform/build-arm64-v8a/build/other_builds/python3/arm64-v8a__ndk_target_29/python3/Include
[1m[90m[DEBUG][39m[0m:   	Checking for openjpeg-#.# in /mnt/c/dev/Ai/.buildozer/android/platform/build-arm64-v8a/build/other_builds/png/arm64-v8a__ndk_target_29/png
[1m[90m[DEBUG][39m[0m:   	Checking for openjpeg-#.# in /mnt/c/dev/Ai/.buildozer/android/platform/build-arm64-v8a/build/other_builds/freetype/arm64-v8a__ndk_target_29/freetype/include
[1m[90m[DEBUG][39m[0m:   	Checking for openjpeg-#.# in /mnt/c/dev/Ai/.buildozer/android/platform/build-arm64-v8a/build/other_builds/jpeg/arm64-v8a__ndk_target_29/jpeg
[1m[90m[DEBUG][39m[0m:   	Checking for openjpeg-#.# in /home/rajkrish/.buildozer/android/platform/android-ndk-r25b/toolchains/llvm/prebuilt/linux-x86_64/sysroot/usr/include
[1m[90m[DEBUG][39m[0m:   	Checking for openjpeg-#.# in /mnt/c/dev/Ai/.buildozer/android/platform/build-arm64-v8a/build/other_builds/hostpython3/desktop/hostpython3/Include
[1m[90m[DEBUG][39m[0m:   	Checking for openjpeg-#.# in /mnt/c/dev/Ai/.buildozer/android/platform/build-arm64-v8a/build/other_builds/hostpython3/desktop/hostpython3/native-build
[1m[90m[DEBUG][39m[0m:   	Looking for imagequant
[1m[90m[DEBUG][39m[0m:   	Checking for include file libimagequant.h in /mnt/c/dev/Ai/.buildozer/android/platform/build-arm64-v8a/build/other_builds/python3/arm64-v8a__ndk_target_29/python3/Include
[1m[90m[DEBUG][39m[0m:   	Checking for include file libimagequant.h in /mnt/c/dev/Ai/.buildozer/android/platform/build-arm64-v8a/build/other_builds/png/arm64-v8a__ndk_target_29/png
[1m[90m[DEBUG][39m[0m:   	Checking for include file libimagequant.h in /mnt/c/dev/Ai/.buildozer/android/platform/build-arm64-v8a/build/other_builds/freetype/arm64-v8a__ndk_target_29/freetype/include
[1m[90m[DEBUG][39m[0m:   	Checking for include file libimagequant.h in /mnt/c/dev/Ai/.buildozer/android/platform/build-arm64-v8a/build/other_builds/jpeg/arm64-v8a__ndk_target_29/jpeg
[1m[90m[DEBUG][39m[0m:   	Checking for include file libimagequant.h in /home/rajkrish/.buildozer/android/platform/android-ndk-r25b/toolchains/llvm/prebuilt/linux-x86_64/sysroot/usr/include
[1m[90m[DEBUG][39m[0m:   	Checking for include file libimagequant.h in /mnt/c/dev/Ai/.buildozer/android/platform/build-arm64-v8a/build/other_builds/hostpython3/desktop/hostpython3/Include
[1m[90m[DEBUG][39m[0m:   	Checking for include file libimagequant.h in /mnt/c/dev/Ai/.buildozer/android/platform/build-arm64-v8a/build/other_builds/hostpython3/desktop/hostpython3/native-build
[1m[90m[DEBUG][39m[0m:   	Looking for tiff
[1m[90m[DEBUG][39m[0m:   	Checking for include file tiff.h in /mnt/c/dev/Ai/.buildozer/android/platform/build-arm64-v8a/build/other_builds/python3/arm64-v8a__ndk_target_29/python3/Include
[1m[90m[DEBUG][39m[0m:   	Checking for include file tiff.h in /mnt/c/dev/Ai/.buildozer/android/platform/build-arm64-v8a/build/other_builds/png/arm64-v8a__ndk_target_29/png
[1m[90m[DEBUG][39m[0m:   	Checking for include file tiff.h in /mnt/c/dev/Ai/.buildozer/android/platform/build-arm64-v8a/build/other_builds/freetype/arm64-v8a__ndk_target_29/freetype/include
[1m[90m[DEBUG][39m[0m:   	Checking for include file tiff.h in /mnt/c/dev/Ai/.buildozer/android/platform/build-arm64-v8a/build/other_builds/jpeg/arm64-v8a__ndk_target_29/jpeg
[1m[90m[DEBUG][39m[0m:   	Checking for include file tiff.h in /home/rajkrish/.buildozer/android/platform/android-ndk-r25b/toolchains/llvm/prebuilt/linux-x86_64/sysroot/usr/include
[1m[90m[DEBUG][39m[0m:   	Checking for include file tiff.h in /mnt/c/dev/Ai/.buildozer/android/platform/build-arm64-v8a/build/other_builds/hostpython3/desktop/hostpython3/Include
[1m[90m[DEBUG][39m[0m:   	Checking for include file tiff.h in /mnt/c/dev/Ai/.buildozer/android/platform/build-arm64-v8a/build/other_builds/hostpython3/desktop/hostpython3/native-build
[1m[90m[DEBUG][39m[0m:   	Looking for freetype
[1m[90m[DEBUG][39m[0m:   	Found library freetype at /mnt/c/dev/Ai/.buildozer/android/platform/build-arm64-v8a/build/libs_collections/antigravityai/arm64-v8a/libfreetype.so
[1m[90m[DEBUG][39m[0m:   	Checking for include file ft2build.h in /mnt/c/dev/Ai/.buildozer/android/platform/build-arm64-v8a/build/other_builds/python3/arm64-v8a__ndk_target_29/python3/Include
[1m[90m[DEBUG][39m[0m:   	Checking for include file ft2build.h in /mnt/c/dev/Ai/.buildozer/android/platform/build-arm64-v8a/build/other_builds/python3/arm64-v8a__ndk_target_29/python3/Include/freetype2
[1m[90m[DEBUG][39m[0m:   	Checking for include file ft2build.h in /mnt/c/dev/Ai/.buildozer/android/platform/build-arm64-v8a/build/other_builds/png/arm64-v8a__ndk_target_29/png
[1m[90m[DEBUG][39m[0m:   	Checking for include file ft2build.h in /mnt/c/dev/Ai/.buildozer/android/platform/build-arm64-v8a/build/other_builds/png/arm64-v8a__ndk_target_29/png/freetype2
[1m[90m[DEBUG][39m[0m:   	Checking for include file ft2build.h in /mnt/c/dev/Ai/.buildozer/android/platform/build-arm64-v8a/build/other_builds/freetype/arm64-v8a__ndk_target_29/freetype/include
[1m[90m[DEBUG][39m[0m:   	Found ft2build.h in /mnt/c/dev/Ai/.buildozer/android/platform/build-arm64-v8a/build/other_builds/freetype/arm64-v8a__ndk_target_29/freetype/include
[1m[90m[DEBUG][39m[0m:   	Looking for Raqm
[1m[90m[DEBUG][39m[0m:   	Checking for include file raqm.h in /mnt/c/dev/Ai/.buildozer/android/platform/build-arm64-v8a/build/other_builds/python3/arm64-v8a__ndk_target_29/python3/Include
[1m[90m[DEBUG][39m[0m:   	Checking for include file raqm.h in /mnt/c/dev/Ai/.buildozer/android/platform/build-arm64-v8a/build/other_builds/png/arm64-v8a__ndk_target_29/png
[1m[90m[DEBUG][39m[0m:   	Checking for include file raqm.h in /mnt/c/dev/Ai/.buildozer/android/platform/build-arm64-v8a/build/other_builds/freetype/arm64-v8a__ndk_target_29/freetype/include
[1m[90m[DEBUG][39m[0m:   	Checking for include file raqm.h in /mnt/c/dev/Ai/.buildozer/android/platform/build-arm64-v8a/build/other_builds/jpeg/arm64-v8a__ndk_target_29/jpeg
[1m[90m[DEBUG][39m[0m:   	Checking for include file raqm.h in /home/rajkrish/.buildozer/android/platform/android-ndk-r25b/toolchains/llvm/prebuilt/linux-x86_64/sysroot/usr/include
[1m[90m[DEBUG][39m[0m:   	Checking for include file raqm.h in /mnt/c/dev/Ai/.buildozer/android/platform/build-arm64-v8a/build/other_builds/hostpython3/desktop/hostpython3/Include
[1m[90m[DEBUG][39m[0m:   	Checking for include file raqm.h in /mnt/c/dev/Ai/.buildozer/android/platform/build-arm64-v8a/build/other_builds/hostpython3/desktop/hostpython3/native-build
[1m[90m[DEBUG][39m[0m:   	Looking for lcms
[1m[90m[DEBUG][39m[0m:   	Checking for include file lcms2.h in /mnt/c/dev/Ai/.buildozer/android/platform/build-arm64-v8a/build/other_builds/python3/arm64-v8a__ndk_target_29/python3/Include
[1m[90m[DEBUG][39m[0m:   	Checking for include file lcms2.h in /mnt/c/dev/Ai/.buildozer/android/platform/build-arm64-v8a/build/other_builds/png/arm64-v8a__ndk_target_29/png
[1m[90m[DEBUG][39m[0m:   	Checking for include file lcms2.h in /mnt/c/dev/Ai/.buildozer/android/platform/build-arm64-v8a/build/other_builds/freetype/arm64-v8a__ndk_target_29/freetype/include
[1m[90m[DEBUG][39m[0m:   	Checking for include file lcms2.h in /mnt/c/dev/Ai/.buildozer/android/platform/build-arm64-v8a/build/other_builds/jpeg/arm64-v8a__ndk_target_29/jpeg
[1m[90m[DEBUG][39m[0m:   	Checking for include file lcms2.h in /home/rajkrish/.buildozer/android/platform/android-ndk-r25b/toolchains/llvm/prebuilt/linux-x86_64/sysroot/usr/include
[1m[90m[DEBUG][39m[0m:   	Checking for include file lcms2.h in /mnt/c/dev/Ai/.buildozer/android/platform/build-arm64-v8a/build/other_builds/hostpython3/desktop/hostpython3/Include
[1m[90m[DEBUG][39m[0m:   	Checking for include file lcms2.h in /mnt/c/dev/Ai/.buildozer/android/platform/build-arm64-v8a/build/other_builds/hostpython3/desktop/hostpython3/native-build
[1m[90m[DEBUG][39m[0m:   	Looking for webp
[1m[90m[DEBUG][39m[0m:   	Checking for include file webp/encode.h in /mnt/c/dev/Ai/.buildozer/android/platform/build-arm64-v8a/build/other_builds/python3/arm64-v8a__ndk_target_29/python3/Include
[1m[90m[DEBUG][39m[0m:   	Checking for include file webp/encode.h in /mnt/c/dev/Ai/.buildozer/android/platform/build-arm64-v8a/build/other_builds/png/arm64-v8a__ndk_target_29/png
[1m[90m[DEBUG][39m[0m:   	Checking for include file webp/encode.h in /mnt/c/dev/Ai/.buildozer/android/platform/build-arm64-v8a/build/other_builds/freetype/arm64-v8a__ndk_target_29/freetype/include
[1m[90m[DEBUG][39m[0m:   	Checking for include file webp/encode.h in /mnt/c/dev/Ai/.buildozer/android/platform/build-arm64-v8a/build/other_builds/jpeg/arm64-v8a__ndk_target_29/jpeg
[1m[90m[DEBUG][39m[0m:   	Checking for include file webp/encode.h in /home/rajkrish/.buildozer/android/platform/android-ndk-r25b/toolchains/llvm/prebuilt/linux-x86_64/sysroot/usr/include
[1m[90m[DEBUG][39m[0m:   	Checking for include file webp/encode.h in /mnt/c/dev/Ai/.buildozer/android/platform/build-arm64-v8a/build/other_builds/hostpython3/desktop/hostpython3/Include
[1m[90m[DEBUG][39m[0m:   	Checking for include file webp/encode.h in /mnt/c/dev/Ai/.buildozer/android/platform/build-arm64-v8a/build/other_builds/hostpython3/desktop/hostpython3/native-build
[1m[90m[DEBUG][39m[0m:   	Looking for webpmux
[1m[90m[DEBUG][39m[0m:   	Checking for include file webp/mux.h in /mnt/c/dev/Ai/.buildozer/android/platform/build-arm64-v8a/build/other_builds/python3/arm64-v8a__ndk_target_29/python3/Include
[1m[90m[DEBUG][39m[0m:   	Checking for include file webp/mux.h in /mnt/c/dev/Ai/.buildozer/android/platform/build-arm64-v8a/build/other_builds/png/arm64-v8a__ndk_target_29/png
[1m[90m[DEBUG][39m[0m:   	Checking for include file webp/mux.h in /mnt/c/dev/Ai/.buildozer/android/platform/build-arm64-v8a/build/other_builds/freetype/arm64-v8a__ndk_target_29/freetype/include
[1m[90m[DEBUG][39m[0m:   	Checking for include file webp/mux.h in /mnt/c/dev/Ai/.buildozer/android/platform/build-arm64-v8a/build/other_builds/jpeg/arm64-v8a__ndk_target_29/jpeg
[1m[90m[DEBUG][39m[0m:   	Checking for include file webp/mux.h in /home/rajkrish/.buildozer/android/platform/android-ndk-r25b/toolchains/llvm/prebuilt/linux-x86_64/sysroot/usr/include
[1m[90m[DEBUG][39m[0m:   	Checking for include file webp/mux.h in /mnt/c/dev/Ai/.buildozer/android/platform/build-arm64-v8a/build/other_builds/hostpython3/desktop/hostpython3/Include
[1m[90m[DEBUG][39m[0m:   	Checking for include file webp/mux.h in /mnt/c/dev/Ai/.buildozer/android/platform/build-arm64-v8a/build/other_builds/hostpython3/desktop/hostpython3/native-build
[1m[90m[DEBUG][39m[0m:   	Looking for xcb
[1m[90m[DEBUG][39m[0m:   	Checking for include file xcb/xcb.h in /mnt/c/dev/Ai/.buildozer/android/platform/build-arm64-v8a/build/other_builds/python3/arm64-v8a__ndk_target_29/python3/Include
[1m[90m[DEBUG][39m[0m:   	Checking for include file xcb/xcb.h in /mnt/c/dev/Ai/.buildozer/android/platform/build-arm64-v8a/build/other_builds/png/arm64-v8a__ndk_target_29/png
[1m[90m[DEBUG][39m[0m:   	Checking for include file xcb/xcb.h in /mnt/c/dev/Ai/.buildozer/android/platform/build-arm64-v8a/build/other_builds/freetype/arm64-v8a__ndk_target_29/freetype/include
[1m[90m[DEBUG][39m[0m:   	Checking for include file xcb/xcb.h in /mnt/c/dev/Ai/.buildozer/android/platform/build-arm64-v8a/build/other_builds/jpeg/arm64-v8a__ndk_target_29/jpeg
[1m[90m[DEBUG][39m[0m:   	Checking for include file xcb/xcb.h in /home/rajkrish/.buildozer/android/platform/android-ndk-r25b/toolchains/llvm/prebuilt/linux-x86_64/sysroot/usr/include
[1m[90m[DEBUG][39m[0m:   	Checking for include file xcb/xcb.h in /mnt/c/dev/Ai/.buildozer/android/platform/build-arm64-v8a/build/other_builds/hostpython3/desktop/hostpython3/Include
[1m[90m[DEBUG][39m[0m:   	Checking for include file xcb/xcb.h in /mnt/c/dev/Ai/.buildozer/android/platform/build-arm64-v8a/build/other_builds/hostpython3/desktop/hostpython3/native-build
[1m[90m[DEBUG][39m[0m:   	--------------------------------------------------------------------
[1m[90m[DEBUG][39m[0m:   	PIL SETUP SUMMARY
[1m[90m[DEBUG][39m[0m:   	--------------------------------------------------------------------
[1m[90m[DEBUG][39m[0m:   	version      Pillow 8.4.0
[1m[90m[DEBUG][39m[0m:   	platform     linux 3.11.5 (main, Feb 13 2026, 20:19:40)
[1m[90m[DEBUG][39m[0m:   	             [GCC 11.4.0]
[1m[90m[DEBUG][39m[0m:   	--------------------------------------------------------------------
[1m[90m[DEBUG][39m[0m:   	--- JPEG support available
[1m[90m[DEBUG][39m[0m:   	*** OPENJPEG (JPEG2000) support not available
[1m[90m[DEBUG][39m[0m:   	--- ZLIB (PNG/ZIP) support available
[1m[90m[DEBUG][39m[0m:   	*** LIBIMAGEQUANT support not available
[1m[90m[DEBUG][39m[0m:   	*** LIBTIFF support not available
[1m[90m[DEBUG][39m[0m:   	--- FREETYPE2 support available
[1m[90m[DEBUG][39m[0m:   	*** RAQM (Text shaping) support not available
[1m[90m[DEBUG][39m[0m:   	*** LITTLECMS2 support not available
[1m[90m[DEBUG][39m[0m:   	*** WEBP support not available
[1m[90m[DEBUG][39m[0m:   	*** WEBPMUX support not available
[1m[90m[DEBUG][39m[0m:   	*** XCB (X protocol) support not available
[1m[90m[DEBUG][39m[0m:   	--------------------------------------------------------------------
[1m[90m[DEBUG][39m[0m:   	To add a missing option, make sure you have the required
[1m[90m[DEBUG][39m[0m:   	library and headers.
[1m[90m[DEBUG][39m[0m:   	See https://pillow.readthedocs.io/en/latest/installation.html#building-from-source
[1m[90m[DEBUG][39m[0m:   	
[1m[90m[DEBUG][39m[0m:   	To check the build, run the selftest.py script.
[1m[90m[DEBUG][39m[0m:   	
[1m[90m[DEBUG][39m[0m:   	running install_lib
[1m[90m[DEBUG][39m[0m:   	writing byte-compilation script '/tmp/tmpyxwygt19.py'
[1m[90m[DEBUG][39m[0m:   	/mnt/c/dev/Ai/.buildozer/android/platform/build-arm64-v8a/build/other_builds/hostpython3/desktop/hostpython3/native-build/python3 -Wignore:The distutils package is deprecated and slated for removal in Python 3.12. Use setuptools or check PEP 632 for potential alternatives:DeprecationWarning /tmp/tmpyxwygt19.py
[1m[90m[DEBUG][39m[0m:   	removing /tmp/tmpyxwygt19.py
[1m[90m[DEBUG][39m[0m:   	running install_egg_info
[1m[90m[DEBUG][39m[0m:   	removing '/mnt/c/dev/Ai/.buildozer/android/platform/build-arm64-v8a/build/python-installs/antigravityai/arm64-v8a/./Pillow-8.4.0-py3.11.egg-info' (and everything under it)
[1m[90m[DEBUG][39m[0m:   	Copying src/Pillow.egg-info to /mnt/c/dev/Ai/.buildozer/android/platform/build-arm64-v8a/build/python-installs/antigravityai/arm64-v8a/./Pillow-8.4.0-py3.11.egg-info
[1m[90m[DEBUG][39m[0m:   	running install_scripts
[1m[INFO][0m:    [36m<- directory context /mnt/c/dev/Ai/.buildozer/android/platform/python-for-android[39m
[1m[INFO][0m:    [1m[32mBuilding six for arm64-v8a[0m[39m
[1m[INFO][0m:    Python package already exists in site-packages
[1m[INFO][0m:    six said it is already built, skipping
[1m[INFO][0m:    [1m[32mBuilding numpy for arm64-v8a[0m[39m
[1m[INFO][0m:    Python package already exists in site-packages
[1m[INFO][0m:    numpy said it is already built, skipping
[1m[INFO][0m:    [1m[32mBuilding pyjnius for arm64-v8a[0m[39m
[1m[INFO][0m:    jnius apparently isn't already in site-packages
[1m[INFO][0m:    Cythonizing anything necessary in pyjnius
[1m[INFO][0m:    [36m-> directory context /mnt/c/dev/Ai/.buildozer/android/platform/build-arm64-v8a/build/other_builds/pyjnius-sdl2/arm64-v8a__ndk_target_29/pyjnius[39m
[1m[90m[DEBUG][39m[0m:   [90m->[0m running python3 -c import sys; print(sys.path)[0m
[1m[90m[DEBUG][39m[0m:   	['', '/mnt/c/dev/Ai/.buildozer/android/platform/build-arm64-v8a/build/other_builds/hostpython3/desktop/hostpython3/native-build/Lib', '/mnt/c/dev/Ai/.buildozer/android/platform/build-arm64-v8a/build/other_builds/hostpython3/desktop/hostpython3/native-build/Lib/site-packages', '/mnt/c/dev/Ai/.buildozer/android/platform/build-arm64-v8a/build/other_builds/hostpython3/desktop/hostpython3/native-build/build/lib.linux-x86_64-3.11', '/mnt/c/dev/Ai/.buildozer/android/platform/build-arm64-v8a/build/other_builds/hostpython3/desktop/hostpython3/native-build/build/scripts-3.11', '/mnt/c/dev/Ai/.buildozer/android/platform/build-arm64-v8a/build/other_builds/hostpython3/desktop/hostpython3/native-build/build/temp.linux-x86_64-3.11', '/usr/local/lib/python311.zip', '/mnt/c/dev/Ai/.buildozer/android/platform/build-arm64-v8a/build/other_builds/hostpython3/desktop/hostpython3/Lib']
[1m[90m[DEBUG][39m[0m:   cwd is /mnt/c/dev/Ai/.buildozer/android/platform/build-arm64-v8a/build/other_builds/pyjnius-sdl2/arm64-v8a__ndk_target_29/pyjnius
[1m[INFO][0m:    Trying first build of pyjnius to get cython files: this is expected to fail
[1m[90m[DEBUG][39m[0m:   [90m->[0m running python3 setup.py build_ext -v[0m
[1m[90m[DEBUG][39m[0m:   	warning: [options] bootstrap class path not set in conjunction with -source 8
[1m[90m[DEBUG][39m[0m:   	1 warning
[1m[90m[DEBUG][39m[0m:   	running build_ext
[1m[90m[DEBUG][39m[0m:   	building 'jnius' extension
[1m[90m[DEBUG][39m[0m:   	/home/rajkrish/.buildozer/android/platform/android-ndk-r25b/toolchains/llvm/prebuilt/linux-x86_64/bin/clang -target aarch64-linux-android29 -fomit-frame-pointer -march=armv8-a -fPIC -Wsign-compare -DNDEBUG -g -fwrapv -O3 -Wall -target aarch64-linux-android29 -fomit-frame-pointer -march=armv8-a -fPIC -I/mnt/c/dev/Ai/.buildozer/android/platform/build-arm64-v8a/build/other_builds/python3/arm64-v8a__ndk_target_29/python3/Include -DANDROID -I/home/rajkrish/.buildozer/android/platform/android-ndk-r25b/toolchains/llvm/prebuilt/linux-x86_64/sysroot/usr/include -I/mnt/c/dev/Ai/.buildozer/android/platform/build-arm64-v8a/build/python-installs/antigravityai/arm64-v8a/include/python3.1 -fPIC -I/mnt/c/dev/Ai/.buildozer/android/platform/build-arm64-v8a/build/other_builds/hostpython3/desktop/hostpython3/Include -I/mnt/c/dev/Ai/.buildozer/android/platform/build-arm64-v8a/build/other_builds/hostpython3/desktop/hostpython3/native-build -c jnius/jnius.c -o build/temp.linux-x86_64-3.11/jnius/jnius.o
[1m[90m[DEBUG][39m[0m:   	clang-14: error: no such file or directory: 'jnius/jnius.c'
[1m[90m[DEBUG][39m[0m:   	clang-14: error: no input files
[1m[90m[DEBUG][39m[0m:   	error: command '/home/rajkrish/.buildozer/android/platform/android-ndk-r25b/toolchains/llvm/prebuilt/linux-x86_64/bin/clang' failed with exit code 1
Exception in thread background thread for pid 17253:
Traceback (most recent call last):
  File "/usr/lib/python3.10/threading.py", line 1016, in _bootstrap_inner
    self.run()
  File "/usr/lib/python3.10/threading.py", line 953, in run
    self._target(*self._args, **self._kwargs)
  File "/home/rajkrish/.local/lib/python3.10/site-packages/sh.py", line 1641, in wrap
    fn(*rgs, **kwargs)
  File "/home/rajkrish/.local/lib/python3.10/site-packages/sh.py", line 2569, in background_thread
    handle_exit_code(exit_code)
  File "/home/rajkrish/.local/lib/python3.10/site-packages/sh.py", line 2269, in fn
    return self.command.handle_command_exit_code(exit_code)
  File "/home/rajkrish/.local/lib/python3.10/site-packages/sh.py", line 869, in handle_command_exit_code
    raise exc
sh.ErrorReturnCode_1: 

  RAN: /mnt/c/dev/Ai/.buildozer/android/platform/build-arm64-v8a/build/other_builds/hostpython3/desktop/hostpython3/native-build/python3 setup.py build_ext -v

  STDOUT:
warning: [options] bootstrap class path not set in conjunction with -source 8
1 warning
running build_ext
building 'jnius' extension
/home/rajkrish/.buildozer/android/platform/android-ndk-r25b/toolchains/llvm/prebuilt/linux-x86_64/bin/clang -target aarch64-linux-android29 -fomit-frame-pointer -march=armv8-a -fPIC -Wsign-compare -DNDEBUG -g -fwrapv -O3 -Wall -target aarch64-linux-android29 -fomit-frame-pointer -march=armv8-a -fPIC -I/mnt/c/dev/Ai/.buildozer/android/platform/build-arm64-v8a/build/other_builds/python3/arm64-v8a__ndk_target_29/python3/Include -DANDROID -I/home/rajkrish/.buildozer/android/platform/android-ndk-r25b/toolchains/llvm/prebuilt/linux-x86_64/sysroot/usr/include -I/mnt/c/dev/Ai/.buildozer/android/platform/build-arm64-v8a/build/python-installs/antigravityai/arm64-v8a/include/python3.1 -fPIC -I/mnt/c/dev/Ai/.buildozer/android/platform/build-arm64-v8a/build/other_builds/hostpython3/desktop/hostpython3/Include -I/mnt/c/dev/Ai/.buildozer/android/platform/build-arm64-v8a/build/other_builds/hostpython3/desktop/hostpython3/native-build -c jnius/jnius.c -o build/temp.linux-x86_64-3.11/jnius/jnius.o
clang-14: error: no such file or directory: 'jnius/jnius.c'
clang-14: error: no input files
error: command '/home/rajkrish/.buildozer/android/platform/android-ndk-r25b/toolchains/llvm/prebuilt/linux-x86_64/bin/clang' failed with exit code 1


  STDERR:

[1m[INFO][0m:    pyjnius first build failed (as expected)
[1m[INFO][0m:    Running cython where appropriate
[1m[INFO][0m:    Cythonize jnius/jnius.pyx
[1m[90m[DEBUG][39m[0m:   [90m->[0m running python3 -cimport sys; from Cython.Compiler.Main import setuptools_main; sys.exit(setuptools_main()); ./jnius/jnius.pyx[0m
[1m[90m[DEBUG][39m[0m:   	warning: jnius/jnius.pyx:102:0: The 'IF' statement is deprecated and will be removed in a future Cython version. Consider using runtime conditions or C macros instead. See https://github.com/cython/cython/issues/4310
[1m[90m[DEBUG][39m[0m:   	
[1m[90m[DEBUG][39m[0m:   	Error compiling Cython file:
[1m[90m[DEBUG][39m[0m:   	------------------------------------------------------------
[1m[90m[DEBUG][39m[0m:   	...
[1m[90m[DEBUG][39m[0m:   	            score += 10
[1m[90m[DEBUG][39m[0m:   	            continue
[1m[90m[DEBUG][39m[0m:   	
[1m[90m[DEBUG][39m[0m:   	        if r == 'S' or r == 'I':
[1m[90m[DEBUG][39m[0m:   	            if isinstance(arg, int) or (
[1m[90m[DEBUG][39m[0m:   	                    (isinstance(arg, long) and arg < 2147483648)):
[1m[90m[DEBUG][39m[0m:   	                                     ^
[1m[90m[DEBUG][39m[0m:   	------------------------------------------------------------
[1m[90m[DEBUG][39m[0m:   	jnius/jnius_utils.pxi:323:37: undeclared name not builtin: long
Exception in thread background thread for pid 17289:
Traceback (most recent call last):
  File "/usr/lib/python3.10/threading.py", line 1016, in _bootstrap_inner
    self.run()
  File "/usr/lib/python3.10/threading.py", line 953, in run
    self._target(*self._args, **self._kwargs)
  File "/home/rajkrish/.local/lib/python3.10/site-packages/sh.py", line 1641, in wrap
    fn(*rgs, **kwargs)
  File "/home/rajkrish/.local/lib/python3.10/site-packages/sh.py", line 2569, in background_thread
    handle_exit_code(exit_code)
  File "/home/rajkrish/.local/lib/python3.10/site-packages/sh.py", line 2269, in fn
    return self.command.handle_command_exit_code(exit_code)
  File "/home/rajkrish/.local/lib/python3.10/site-packages/sh.py", line 869, in handle_command_exit_code
    raise exc
sh.ErrorReturnCode_1: 

  RAN: /usr/bin/python3 '-cimport sys; from Cython.Compiler.Main import setuptools_main; sys.exit(setuptools_main());' ./jnius/jnius.pyx

  STDOUT:
warning: jnius/jnius.pyx:102:0: The 'IF' statement is deprecated and will be removed in a future Cython version. Consider using runtime conditions or C macros instead. See https://github.com/cython/cython/issues/4310

Error compiling Cython file:
------------------------------------------------------------
...
            score += 10
            continue

        if r == 'S' or r == 'I':
            if isinstance(arg, int) or (
                    (isinstance(arg, long) and arg < 2147483648)):
                                     ^
------------------------------------------------------------
jnius/jnius_utils.pxi:323:37: undeclared name not builtin: long


  STDERR:

Traceback (most recent call last):
  File "/usr/lib/python3.10/runpy.py", line 196, in _run_module_as_main
    return _run_code(code, main_globals, None,
  File "/usr/lib/python3.10/runpy.py", line 86, in _run_code
    exec(code, run_globals)
  File "/mnt/c/dev/Ai/.buildozer/android/platform/python-for-android/pythonforandroid/toolchain.py", line 1256, in <module>
    main()
  File "/mnt/c/dev/Ai/.buildozer/android/platform/python-for-android/pythonforandroid/entrypoints.py", line 18, in main
    ToolchainCL()
  File "/mnt/c/dev/Ai/.buildozer/android/platform/python-for-android/pythonforandroid/toolchain.py", line 685, in __init__
    getattr(self, command)(args)
  File "/mnt/c/dev/Ai/.buildozer/android/platform/python-for-android/pythonforandroid/toolchain.py", line 104, in wrapper_func
    build_dist_from_args(ctx, dist, args)
  File "/mnt/c/dev/Ai/.buildozer/android/platform/python-for-android/pythonforandroid/toolchain.py", line 163, in build_dist_from_args
    build_recipes(build_order, python_modules, ctx,
  File "/mnt/c/dev/Ai/.buildozer/android/platform/python-for-android/pythonforandroid/build.py", line 504, in build_recipes
    recipe.build_arch(arch)
  File "/mnt/c/dev/Ai/.buildozer/android/platform/python-for-android/pythonforandroid/recipe.py", line 1031, in build_arch
    self.build_cython_components(arch)
  File "/mnt/c/dev/Ai/.buildozer/android/platform/python-for-android/pythonforandroid/recipe.py", line 1056, in build_cython_components
    self.cythonize_build(env=env)
  File "/mnt/c/dev/Ai/.buildozer/android/platform/python-for-android/pythonforandroid/recipe.py", line 1104, in cythonize_build
    self.cythonize_file(env, build_dir, join(root, filename))
  File "/mnt/c/dev/Ai/.buildozer/android/platform/python-for-android/pythonforandroid/recipe.py", line 1093, in cythonize_file
    shprint(python_command, "-c"
  File "/mnt/c/dev/Ai/.buildozer/android/platform/python-for-android/pythonforandroid/logger.py", line 167, in shprint
    for line in output:
  File "/home/rajkrish/.local/lib/python3.10/site-packages/sh.py", line 915, in next
    self.wait()
  File "/home/rajkrish/.local/lib/python3.10/site-packages/sh.py", line 845, in wait
    self.handle_command_exit_code(exit_code)
  File "/home/rajkrish/.local/lib/python3.10/site-packages/sh.py", line 869, in handle_command_exit_code
    raise exc
sh.ErrorReturnCode_1: 

  RAN: /usr/bin/python3 '-cimport sys; from Cython.Compiler.Main import setuptools_main; sys.exit(setuptools_main());' ./jnius/jnius.pyx

  STDOUT:
warning: jnius/jnius.pyx:102:0: The 'IF' statement is deprecated and will be removed in a future Cython version. Consider using runtime conditions or C macros instead. See https://github.com/cython/cython/issues/4310

Error compiling Cython file:
------------------------------------------------------------
...
            score += 10
            continue

        if r == 'S' or r == 'I':
            if isinstance(arg, int) or (
                    (isinstance(arg, long) and arg < 2147483648)):
                                     ^
------------------------------------------------------------
jnius/jnius_utils.pxi:323:37: undeclared name not builtin: long


  STDERR:


# Command failed: ['/usr/bin/python3', '-m', 'pythonforandroid.toolchain', 'create', '--dist_name=antigravityai', '--bootstrap=sdl2', '--requirements=python3,kivy==2.3.1,kivymd==1.2.0,numpy,onnxruntime==1.17.0,tokenizers,pillow,requests,flatbuffers,protobuf,pyjnius,vosk,pypdf2,python-docx', '--arch=arm64-v8a', '--copy-libs', '--color=always', '--storage-dir=/mnt/c/dev/Ai/.buildozer/android/platform/build-arm64-v8a', '--ndk-api=29', '--ignore-setup-py', '--debug']
# ENVIRONMENT:
#     SHELL = '/bin/bash'
#     WSL2_GUI_APPS_ENABLED = '1'
#     WSL_DISTRO_NAME = 'Ubuntu-22.04'
#     NAME = 'Rajkrish'
#     PWD = '/mnt/c/dev/Ai'
#     LOGNAME = 'rajkrish'
#     HOME = '/home/rajkrish'
#     LANG = 'C.UTF-8'
#     WSL_INTEROP = '/run/WSL/10_interop'
#     LS_COLORS = 'rs=0:di=01;34:ln=01;36:mh=00:pi=40;33:so=01;35:do=01;35:bd=40;33;01:cd=40;33;01:or=40;31;01:mi=00:su=37;41:sg=30;43:ca=30;41:tw=30;42:ow=34;42:st=37;44:ex=01;32:*.tar=01;31:*.tgz=01;31:*.arc=01;31:*.arj=01;31:*.taz=01;31:*.lha=01;31:*.lz4=01;31:*.lzh=01;31:*.lzma=01;31:*.tlz=01;31:*.txz=01;31:*.tzo=01;31:*.t7z=01;31:*.zip=01;31:*.z=01;31:*.dz=01;31:*.gz=01;31:*.lrz=01;31:*.lz=01;31:*.lzo=01;31:*.xz=01;31:*.zst=01;31:*.tzst=01;31:*.bz2=01;31:*.bz=01;31:*.tbz=01;31:*.tbz2=01;31:*.tz=01;31:*.deb=01;31:*.rpm=01;31:*.jar=01;31:*.war=01;31:*.ear=01;31:*.sar=01;31:*.rar=01;31:*.alz=01;31:*.ace=01;31:*.zoo=01;31:*.cpio=01;31:*.7z=01;31:*.rz=01;31:*.cab=01;31:*.wim=01;31:*.swm=01;31:*.dwm=01;31:*.esd=01;31:*.jpg=01;35:*.jpeg=01;35:*.mjpg=01;35:*.mjpeg=01;35:*.gif=01;35:*.bmp=01;35:*.pbm=01;35:*.pgm=01;35:*.ppm=01;35:*.tga=01;35:*.xbm=01;35:*.xpm=01;35:*.tif=01;35:*.tiff=01;35:*.png=01;35:*.svg=01;35:*.svgz=01;35:*.mng=01;35:*.pcx=01;35:*.mov=01;35:*.mpg=01;35:*.mpeg=01;35:*.m2v=01;35:*.mkv=01;35:*.webm=01;35:*.webp=01;35:*.ogm=01;35:*.mp4=01;35:*.m4v=01;35:*.mp4v=01;35:*.vob=01;35:*.qt=01;35:*.nuv=01;35:*.wmv=01;35:*.asf=01;35:*.rm=01;35:*.rmvb=01;35:*.flc=01;35:*.avi=01;35:*.fli=01;35:*.flv=01;35:*.gl=01;35:*.dl=01;35:*.xcf=01;35:*.xwd=01;35:*.yuv=01;35:*.cgm=01;35:*.emf=01;35:*.ogv=01;35:*.ogx=01;35:*.aac=00;36:*.au=00;36:*.flac=00;36:*.m4a=00;36:*.mid=00;36:*.midi=00;36:*.mka=00;36:*.mp3=00;36:*.mpc=00;36:*.ogg=00;36:*.ra=00;36:*.wav=00;36:*.oga=00;36:*.opus=00;36:*.spx=00;36:*.xspf=00;36:'
#     WAYLAND_DISPLAY = 'wayland-0'
#     LESSCLOSE = '/usr/bin/lesspipe %s %s'
#     TERM = 'xterm-256color'
#     LESSOPEN = '| /usr/bin/lesspipe %s'
#     USER = 'rajkrish'
#     DISPLAY = ':0'
#     SHLVL = '0'
#     XDG_RUNTIME_DIR = '/mnt/wslg/runtime-dir'
#     WSLENV = ''
#     XDG_DATA_DIRS = '/usr/local/share:/usr/share:/var/lib/snapd/desktop'
#     PATH = ('/home/rajkrish/.buildozer/android/platform/apache-ant-1.9.4/bin:/home/rajkrish/.local/bin:/home/rajkrish/.cargo/bin:/home/rajkrish/.local/bin:/usr/local/sbin:/usr/local/bin:/usr/sbin:/usr/bin:/sbin:/bin:/usr/games:/usr/local/games:/usr/lib/wsl/lib:/mnt/c/Program '
 'Files/Eclipse '
 'Adoptium/jdk-17.0.17.10-hotspot/bin:/mnt/c/Python314/Scripts/:/mnt/c/Python314/:/mnt/c/Program '
 'Files/Common '
 'Files/Oracle/Java/javapath:/mnt/c/Windows/system32:/mnt/c/Windows:/mnt/c/Windows/System32/Wbem:/mnt/c/Windows/System32/WindowsPowerShell/v1.0/:/mnt/c/Windows/System32/OpenSSH/:/mnt/c/ProgramData/chocolatey/bin:/mnt/c/Program '
 'Files/Git/cmd:/mnt/c/ProgramData/chocolatey/lib/maven/apache-maven-3.9.11/bin:/mnt/c/Program '
 'Files/PostgreSQL/18/bin:/mnt/c/Program '
 'Files/Java/jdk-17/bin:/mnt/c/Users/rajkr/AppData/Local/nvm:/mnt/c/nvm4w/nodejs:/mnt/c/Users/rajkr/AppData/Local/Programs/Python/Python310/Scripts/:/mnt/c/Users/rajkr/AppData/Local/Programs/Python/Python310/:/mnt/c/Users/rajkr/AppData/Local/Programs/Python/Python311/Scripts/:/mnt/c/Users/rajkr/AppData/Local/Programs/Python/Python311/:/mnt/c/Users/rajkr/AppData/Local/Android/Sdk/platform-tools:/mnt/c/Users/rajkr/AppData/Roaming/npm:/mnt/c/Users/rajkr/AppData/Local/Programs/Microsoft '
 'VS '
 'Code/bin:/mnt/c/Users/rajkr/AppData/Local/nvm:/mnt/c/nvm4w/nodejs:/mnt/c/Users/rajkr/AppData/Local/Programs/Antigravity/bin:/snap/bin')
#     HOSTTYPE = 'x86_64'
#     PULSE_SERVER = 'unix:/mnt/wslg/PulseServer'
#     OLDPWD = '/mnt/c/dev/Ai'
#     _ = '/home/rajkrish/.local/bin/buildozer'
#     PACKAGES_PATH = '/home/rajkrish/.buildozer/android/packages'
#     ANDROIDSDK = '/home/rajkrish/.buildozer/android/platform/android-sdk'
#     ANDROIDNDK = '/home/rajkrish/.buildozer/android/platform/android-ndk-r25b'
#     ANDROIDAPI = '33'
#     ANDROIDMINAPI = '29'
# 
# Buildozer failed to execute the last command
# The error might be hidden in the log above this error
# Please read the full log, and search for it before
# raising an issue with buildozer itself.
# In case of a bug report, please add a full log with log_level = 2
